Archive member included to satisfy reference by file (symbol)

C:/devkitPro/libnx/lib\libnx.a(applet.o)
                              main.o (appletMainLoop)
C:/devkitPro/libnx/lib\libnx.a(i2c.o)
                              main.o (i2cInitialize)
C:/devkitPro/libnx/lib\libnx.a(sm.o)
                              C:/devkitPro/libnx/lib\libnx.a(applet.o) (smGetServiceWrapper)
C:/devkitPro/libnx/lib\libnx.a(diag.o)
                              C:/devkitPro/libnx/lib\libnx.a(applet.o) (diagAbortWithResult)
C:/devkitPro/libnx/lib\libnx.a(env.o)
                              C:/devkitPro/libnx/lib\libnx.a(applet.o) (envIsNso)
C:/devkitPro/libnx/lib\libnx.a(hosversion.o)
                              C:/devkitPro/libnx/lib\libnx.a(applet.o) (hosversionGet)
C:/devkitPro/libnx/lib\libnx.a(pad.o)
                              main.o (padConfigureInput)
C:/devkitPro/libnx/lib\libnx.a(console.o)
                              main.o (consoleInit)
C:/devkitPro/libnx/lib\libnx.a(console_sw.o)
                              C:/devkitPro/libnx/lib\libnx.a(console.o) (getDefaultConsoleRenderer)
C:/devkitPro/libnx/lib\libnx.a(svc.o)
                              C:/devkitPro/libnx/lib\libnx.a(applet.o) (svcExitProcess)
C:/devkitPro/libnx/lib\libnx.a(switch_crt0.o)
                              (_start)
C:/devkitPro/libnx/lib\libnx.a(default_font.bin.o)
                              C:/devkitPro/libnx/lib\libnx.a(console.o) (default_font_bin)
C:/devkitPro/libnx/lib\libnx.a(event.o)
                              C:/devkitPro/libnx/lib\libnx.a(applet.o) (eventLoadRemote)
C:/devkitPro/libnx/lib\libnx.a(mutex.o)
                              C:/devkitPro/libnx/lib\libnx.a(applet.o) (mutexLock)
C:/devkitPro/libnx/lib\libnx.a(tmem.o)
                              C:/devkitPro/libnx/lib\libnx.a(applet.o) (tmemCreate)
C:/devkitPro/libnx/lib\libnx.a(virtmem.o)
                              C:/devkitPro/libnx/lib\libnx.a(tmem.o) (virtmemLock)
C:/devkitPro/libnx/lib\libnx.a(wait.o)
                              C:/devkitPro/libnx/lib\libnx.a(applet.o) (waitObjects)
C:/devkitPro/libnx/lib\libnx.a(apm.o)
                              C:/devkitPro/libnx/lib\libnx.a(applet.o) (apmInitialize)
C:/devkitPro/libnx/lib\libnx.a(hid.o)
                              C:/devkitPro/libnx/lib\libnx.a(pad.o) (hidGetNpadStyleSet)
C:/devkitPro/libnx/lib\libnx.a(default_window.o)
                              C:/devkitPro/libnx/lib\libnx.a(console_sw.o) (nwindowGetDefault)
C:/devkitPro/libnx/lib\libnx.a(framebuffer.o)
                              C:/devkitPro/libnx/lib\libnx.a(console_sw.o) (framebufferMakeLinear)
C:/devkitPro/libnx/lib\libnx.a(native_window.o)
                              C:/devkitPro/libnx/lib\libnx.a(framebuffer.o) (nwindowIsValid)
C:/devkitPro/libnx/lib\libnx.a(alloc.o)
                              C:/devkitPro/libnx/lib\libnx.a(virtmem.o) (__libnx_alloc)
C:/devkitPro/libnx/lib\libnx.a(argv.o)
                              C:/devkitPro/libnx/lib\libnx.a(switch_crt0.o) (__system_argc)
C:/devkitPro/libnx/lib\libnx.a(dynamic.o)
                              C:/devkitPro/libnx/lib\libnx.a(switch_crt0.o) (__nx_dynamic)
C:/devkitPro/libnx/lib\libnx.a(init.o)
                              C:/devkitPro/libnx/lib\libnx.a(switch_crt0.o) (__libnx_init)
C:/devkitPro/libnx/lib\libnx.a(newlib.o)
                              C:/devkitPro/libnx/lib\libnx.a(init.o) (__libnx_init_time)
C:/devkitPro/libnx/lib\libnx.a(nxlink.o)
                              C:/devkitPro/libnx/lib\libnx.a(argv.o) (nxlinkSetup)
C:/devkitPro/libnx/lib\libnx.a(fs_dev.o)
                              C:/devkitPro/libnx/lib\libnx.a(init.o) (fsdevMountSdmc)
C:/devkitPro/libnx/lib\libnx.a(path_buf.o)
                              C:/devkitPro/libnx/lib\libnx.a(fs_dev.o) (__nx_dev_path_buf)
C:/devkitPro/libnx/lib\libnx.a(decode_utf8.o)
                              C:/devkitPro/libnx/lib\libnx.a(fs_dev.o) (decode_utf8)
C:/devkitPro/libnx/lib\libnx.a(cache.o)
                              C:/devkitPro/libnx/lib\libnx.a(framebuffer.o) (armDCacheFlush)
C:/devkitPro/libnx/lib\libnx.a(exception.o)
                              C:/devkitPro/libnx/lib\libnx.a(switch_crt0.o) (__libnx_exception_entry)
C:/devkitPro/libnx/lib\libnx.a(readtp.o)
                              C:/devkitPro/libnx/lib\libnx.a(fs_dev.o) (__aarch64_read_tp)
C:/devkitPro/libnx/lib\libnx.a(condvar.o)
                              C:/devkitPro/libnx/lib\libnx.a(newlib.o) (condvarWaitTimeout)
C:/devkitPro/libnx/lib\libnx.a(random.o)
                              C:/devkitPro/libnx/lib\libnx.a(virtmem.o) (randomGet64)
C:/devkitPro/libnx/lib\libnx.a(shmem.o)
                              C:/devkitPro/libnx/lib\libnx.a(hid.o) (shmemLoadRemote)
C:/devkitPro/libnx/lib\libnx.a(thread.o)
                              C:/devkitPro/libnx/lib\libnx.a(init.o) (__libnx_init_thread)
C:/devkitPro/libnx/lib\libnx.a(fs.o)
                              C:/devkitPro/libnx/lib\libnx.a(init.o) (fsInitialize)
[...]
Memory Configuration

Name             Origin             Length             Attributes
*default*        0x0000000000000000 0xffffffffffffffff

Linker script and memory map

                0x0000000000000000                PROVIDE (__start__ = 0x0)
                0x0000000000000000                . = __start__
                [!provide]                        PROVIDE (__code_start = .)

.text           0x0000000000000000    0x16ec8
 *(.crt0)
 .crt0          0x0000000000000000      0x130 C:/devkitPro/libnx/lib\libnx.a(switch_crt0.o)
                0x0000000000000000                _start
                0x00000000000000e0                __nx_exit
                0x00000000000000f0                __nx_mod0
 *(.text.unlikely .text.*_unlikely .text.unlikely.*)
 *(.text.exit .text.exit.*)
 *fill*         0x0000000000000130       0x10 
 .text.exit     0x0000000000000140       0x34 C:/devkitPro/devkitA64/bin/../lib/gcc/aarch64-none-elf/15.1.0/../../../../aarch64-none-elf/lib/pic\libg.a(libc_a-exit.o)
                0x0000000000000140                exit
 *(.text.startup .text.startup.*)
 *fill*         0x0000000000000174        0xc 
 .text.startup.main
                0x0000000000000180       0xf4 main.o
                0x0000000000000180                main
 *(.text.hot .text.hot.*)
 *(.text .stub .text.* .gnu.linkonce.t.*)
 *fill*         0x0000000000000274        0xc 
 .text.__do_global_dtors_aux
                0x0000000000000280       0x50 C:/devkitPro/devkitA64/bin/../lib/gcc/aarch64-none-elf/15.1.0/pic/crtbegin.o
 *fill*         0x00000000000002d0       0x10 
 .text.frame_dummy
                0x00000000000002e0       0x24 C:/devkitPro/devkitA64/bin/../lib/gcc/aarch64-none-elf/15.1.0/pic/crtbegin.o
 *fill*         0x0000000000000304        0xc 
 .text._appletInfiniteSleepLoop
                0x0000000000000310       0x18 C:/devkitPro/libnx/lib\libnx.a(applet.o)
 *fill*         0x0000000000000328        0x8 
 .text._appletCmdGetSession
                0x0000000000000330      0x108 C:/devkitPro/libnx/lib\libnx.a(applet.o)
 *fill*         0x0000000000000438        0x8 
 .text._appletCmdInU8NoOut
                0x0000000000000440       0xcc C:/devkitPro/libnx/lib\libnx.a(applet.o)
 *fill*         0x000000000000050c        0x4 
 .text._appletCmdInU32NoOut
                0x0000000000000510       0xcc C:/devkitPro/libnx/lib\libnx.a(applet.o)
 *fill*         0x00000000000005dc        0x4 
 .text._appletGetSessionProxy.constprop.0
                0x00000000000005e0      0x12c C:/devkitPro/libnx/lib\libnx.a(applet.o)
 *fill*         0x000000000000070c        0x4 
 .text._appletOpenLibraryAppletProxy.constprop.0
                0x0000000000000710      0x148 C:/devkitPro/libnx/lib\libnx.a(applet.o)
 *fill*         0x0000000000000858        0x8 
 .text._appletCmdGetEvent
                0x0000000000000860       0xf8 C:/devkitPro/libnx/lib\libnx.a(applet.o)
 *fill*         0x0000000000000958        0x8 
 .text._appletCmdNoInOutU8.isra.0
                0x0000000000000960       0xd4 C:/devkitPro/libnx/lib\libnx.a(applet.o)
 *fill*         0x0000000000000a34        0xc 
 .text._appletCmdNoInOutU32.isra.0
                0x0000000000000a40       0xd4 C:/devkitPro/libnx/lib\libnx.a(applet.o)
 *fill*         0x0000000000000b14        0xc 
 .text._appletCmdNoInOutU64.isra.0
                0x0000000000000b20       0xd4 C:/devkitPro/libnx/lib\libnx.a(applet.o)
 *fill*         0x0000000000000bf4        0xc 
 .text._appletCmdNoIO.isra.0
                0x0000000000000c00       0xc0 C:/devkitPro/libnx/lib\libnx.a(applet.o)
 .text.appletGetAppletType
                0x0000000000000cc0       0x10 C:/devkitPro/libnx/lib\libnx.a(applet.o)
                0x0000000000000cc0                appletGetAppletType
 .text.appletSetFocusHandlingMode
                0x0000000000000cd0      0x1b8 C:/devkitPro/libnx/lib\libnx.a(applet.o)
                0x0000000000000cd0                appletSetFocusHandlingMode
 *fill*         0x0000000000000e88        0x8 
 .text.appletSetCpuBoostMode
                0x0000000000000e90       0x5c C:/devkitPro/libnx/lib\libnx.a(applet.o)
                0x0000000000000e90                appletSetCpuBoostMode
 *fill*         0x0000000000000eec        0x4 
 .text.appletCreateManagedDisplayLayer
                0x0000000000000ef0       0x2c C:/devkitPro/libnx/lib\libnx.a(applet.o)
                0x0000000000000ef0                appletCreateManagedDisplayLayer
 *fill*         0x0000000000000f1c        0x4 
 .text.appletGetAppletResourceUserId
                0x0000000000000f20        0xc C:/devkitPro/libnx/lib\libnx.a(applet.o)
                0x0000000000000f20                appletGetAppletResourceUserId
 *fill*         0x0000000000000f2c        0x4 
 .text._appletHolderCreateState
                0x0000000000000f30      0x138 C:/devkitPro/libnx/lib\libnx.a(applet.o)
 *fill*         0x0000000000001068        0x8 
 .text.appletHolderClose
                0x0000000000001070       0xb0 C:/devkitPro/libnx/lib\libnx.a(applet.o)
                0x0000000000001070                appletHolderClose
 .text.appletHolderGetLibraryAppletInfo
                0x0000000000001120       0x24 C:/devkitPro/libnx/lib\libnx.a(applet.o)
                0x0000000000001120                appletHolderGetLibraryAppletInfo
 *fill*         0x0000000000001144        0xc 
 .text.appletNotifyRunning
                0x0000000000001150       0x90 C:/devkitPro/libnx/lib\libnx.a(applet.o)
                0x0000000000001150                appletNotifyRunning
 .text.appletSetGamePlayRecordingState
                0x00000000000011e0       0x78 C:/devkitPro/libnx/lib\libnx.a(applet.o)
                0x00000000000011e0                appletSetGamePlayRecordingState
 *fill*         0x0000000000001258        0x8 
 .text._appletCleanup
                0x0000000000001260      0xad4 C:/devkitPro/libnx/lib\libnx.a(applet.o)
 *fill*         0x0000000000001d34        0xc 
 .text.appletExit
                0x0000000000001d40       0x48 C:/devkitPro/libnx/lib\libnx.a(applet.o)
                0x0000000000001d40                appletExit
 *fill*         0x0000000000001d88        0x8 
 .text.appletGetLibraryAppletInfo
                0x0000000000001d90       0x40 C:/devkitPro/libnx/lib\libnx.a(applet.o)
                0x0000000000001d90                appletGetLibraryAppletInfo
 .text.appletInitialize
                0x0000000000001dd0      0xc14 C:/devkitPro/libnx/lib\libnx.a(applet.o)
                0x0000000000001dd0                appletInitialize
 *fill*         0x00000000000029e4        0xc 
 .text._appletExitProcess
                0x00000000000029f0       0x24 C:/devkitPro/libnx/lib\libnx.a(applet.o)
 *fill*         0x0000000000002a14        0xc 
 .text.appletGetMessage
                0x0000000000002a20       0x74 C:/devkitPro/libnx/lib\libnx.a(applet.o)
                0x0000000000002a20                appletGetMessage
 *fill*         0x0000000000002a94        0xc 
 .text.appletProcessMessage
                0x0000000000002aa0      0x264 C:/devkitPro/libnx/lib\libnx.a(applet.o)
                0x0000000000002aa0                appletProcessMessage
 *fill*         0x0000000000002d04        0xc 
 .text.appletMainLoop
                0x0000000000002d10       0x34 C:/devkitPro/libnx/lib\libnx.a(applet.o)
                0x0000000000002d10                appletMainLoop
 *fill*         0x0000000000002d44        0xc 
 .text._i2cCleanup
                0x0000000000002d50       0x78 C:/devkitPro/libnx/lib\libnx.a(i2c.o)
 *fill*         0x0000000000002dc8        0x8 
 .text.i2cInitialize
                0x0000000000002dd0       0x98 C:/devkitPro/libnx/lib\libnx.a(i2c.o)
                0x0000000000002dd0                i2cInitialize
 *fill*         0x0000000000002e68        0x8 
 .text.i2cOpenSession
                0x0000000000002e70      0x104 C:/devkitPro/libnx/lib\libnx.a(i2c.o)
                0x0000000000002e70                i2cOpenSession
 *fill*         0x0000000000002f74        0xc 
 .text.i2csessionSendAuto
                0x0000000000002f80      0x138 C:/devkitPro/libnx/lib\libnx.a(i2c.o)
                0x0000000000002f80                i2csessionSendAuto
 *fill*         0x00000000000030b8        0x8 
 .text.i2csessionClose
                0x00000000000030c0       0x64 C:/devkitPro/libnx/lib\libnx.a(i2c.o)
                0x00000000000030c0                i2csessionClose
 *fill*         0x0000000000003124        0xc 
 .text._smCmifCmdInPid
                0x0000000000003130       0xcc C:/devkitPro/libnx/lib\libnx.a(sm.o)
 *fill*         0x00000000000031fc        0x4 
 .text._smCleanup
                0x0000000000003200       0x78 C:/devkitPro/libnx/lib\libnx.a(sm.o)
 *fill*         0x0000000000003278        0x8 
 .text.smAddOverrideHandle
                0x0000000000003280       0x48 C:/devkitPro/libnx/lib\libnx.a(sm.o)
                0x0000000000003280                smAddOverrideHandle
 *fill*         0x00000000000032c8        0x8 
 .text.smGetServiceOverride
                0x00000000000032d0       0x54 C:/devkitPro/libnx/lib\libnx.a(sm.o)
                0x00000000000032d0                smGetServiceOverride
 *fill*         0x0000000000003324        0xc 
 .text.smInitialize
                0x0000000000003330      0x1ac C:/devkitPro/libnx/lib\libnx.a(sm.o)
                0x0000000000003330                smInitialize
 *fill*         0x00000000000034dc        0x4 
 .text.smExit   0x00000000000034e0       0x48 C:/devkitPro/libnx/lib\libnx.a(sm.o)
                0x00000000000034e0                smExit
 *fill*         0x0000000000003528        0x8 
 .text.smGetServiceOriginal
                0x0000000000003530       0xd0 C:/devkitPro/libnx/lib\libnx.a(sm.o)
                0x0000000000003530                smGetServiceOriginal
 .text.smGetServiceWrapper
                0x0000000000003600      0x120 C:/devkitPro/libnx/lib\libnx.a(sm.o)
                0x0000000000003600                smGetServiceWrapper
 .text.diagAbortWithResult
                0x0000000000003720       0x1c C:/devkitPro/libnx/lib\libnx.a(diag.o)
                0x0000000000003720                diagAbortWithResult
 *fill*         0x000000000000373c        0x4 
 .text.envSetup
                0x0000000000003740      0x208 C:/devkitPro/libnx/lib\libnx.a(env.o)
                0x0000000000003740                envSetup
 *fill*         0x0000000000003948        0x8 
 .text.envGetMainThreadHandle
                0x0000000000003950       0x20 C:/devkitPro/libnx/lib\libnx.a(env.o)
                0x0000000000003950                envGetMainThreadHandle
 .text.envIsNso
                0x0000000000003970        0xc C:/devkitPro/libnx/lib\libnx.a(env.o)
                0x0000000000003970                envIsNso
 *fill*         0x000000000000397c        0x4 
 .text.envHasHeapOverride
                0x0000000000003980       0x14 C:/devkitPro/libnx/lib\libnx.a(env.o)
                0x0000000000003980                envHasHeapOverride
 *fill*         0x0000000000003994        0xc 
 .text.envGetHeapOverrideAddr
                0x00000000000039a0        0xc C:/devkitPro/libnx/lib\libnx.a(env.o)
                0x00000000000039a0                envGetHeapOverrideAddr
 *fill*         0x00000000000039ac        0x4 
 .text.envGetHeapOverrideSize
                0x00000000000039b0        0xc C:/devkitPro/libnx/lib\libnx.a(env.o)
                0x00000000000039b0                envGetHeapOverrideSize
 *fill*         0x00000000000039bc        0x4 
 .text.envHasArgv
                0x00000000000039c0       0x14 C:/devkitPro/libnx/lib\libnx.a(env.o)
                0x00000000000039c0                envHasArgv
 *fill*         0x00000000000039d4        0xc 
 .text.envGetArgv
                0x00000000000039e0        0xc C:/devkitPro/libnx/lib\libnx.a(env.o)
                0x00000000000039e0                envGetArgv
 *fill*         0x00000000000039ec        0x4 
 .text.envGetExitFuncPtr
                0x00000000000039f0        0xc C:/devkitPro/libnx/lib\libnx.a(env.o)
                0x00000000000039f0                envGetExitFuncPtr
 *fill*         0x00000000000039fc        0x4 
 .text.envSetExitFuncPtr
                0x0000000000003a00        0xc C:/devkitPro/libnx/lib\libnx.a(env.o)
                0x0000000000003a00                envSetExitFuncPtr
 *fill*         0x0000000000003a0c        0x4 
 .text.envHasRandomSeed
                0x0000000000003a10        0xc C:/devkitPro/libnx/lib\libnx.a(env.o)
                0x0000000000003a10                envHasRandomSeed
 *fill*         0x0000000000003a1c        0x4 
 .text.envGetRandomSeed
                0x0000000000003a20       0x10 C:/devkitPro/libnx/lib\libnx.a(env.o)
                0x0000000000003a20                envGetRandomSeed
 .text.hosversionGet
                0x0000000000003a30       0x14 C:/devkitPro/libnx/lib\libnx.a(hosversion.o)
                0x0000000000003a30                hosversionGet
 *fill*         0x0000000000003a44        0xc 
 .text.hosversionSet
                0x0000000000003a50       0x10 C:/devkitPro/libnx/lib\libnx.a(hosversion.o)
                0x0000000000003a50                hosversionSet
 .text.padConfigureInput
                0x0000000000003a60       0x9c C:/devkitPro/libnx/lib\libnx.a(pad.o)
                0x0000000000003a60                padConfigureInput
 *fill*         0x0000000000003afc        0x4 
 .text.padInitializeWithMask
                0x0000000000003b00       0x24 C:/devkitPro/libnx/lib\libnx.a(pad.o)
                0x0000000000003b00                padInitializeWithMask
 *fill*         0x0000000000003b24        0xc 
 .text.padUpdate
                0x0000000000003b30      0x294 C:/devkitPro/libnx/lib\libnx.a(pad.o)
                0x0000000000003b30                padUpdate
 *fill*         0x0000000000003dc4        0xc 
 .text.consoleDrawChar
                0x0000000000003dd0       0x50 C:/devkitPro/libnx/lib\libnx.a(console.o)
 .text.consoleNewRow
                0x0000000000003e20       0xb8 C:/devkitPro/libnx/lib\libnx.a(console.o)
 *fill*         0x0000000000003ed8        0x8 
 .text.consolePrintChar.part.0
                0x0000000000003ee0      0x194 C:/devkitPro/libnx/lib\libnx.a(console.o)
 *fill*         0x0000000000004074        0xc 
 .text.con_write
                0x0000000000004080      0xdd4 C:/devkitPro/libnx/lib\libnx.a(console.o)
 *fill*         0x0000000000004e54        0xc 
 .text.consoleInit
                0x0000000000004e60      0x160 C:/devkitPro/libnx/lib\libnx.a(console.o)
                0x0000000000004e60                consoleInit
 .text.consoleExit
                0x0000000000004fc0       0x44 C:/devkitPro/libnx/lib\libnx.a(console.o)
                0x0000000000004fc0                consoleExit
 *fill*         0x0000000000005004        0xc 
 .text.consoleUpdate
                0x0000000000005010       0x2c C:/devkitPro/libnx/lib\libnx.a(console.o)
                0x0000000000005010                consoleUpdate
 *fill*         0x000000000000503c        0x4 
 .text.ConsoleSwRenderer_drawChar
                0x0000000000005040      0x1bc C:/devkitPro/libnx/lib\libnx.a(console_sw.o)
 *fill*         0x00000000000051fc        0x4 
 .text.ConsoleSwRenderer_init
                0x0000000000005200       0xe8 C:/devkitPro/libnx/lib\libnx.a(console_sw.o)
 *fill*         0x00000000000052e8        0x8 
 .text.ConsoleSwRenderer_flushAndSwap
                0x00000000000052f0       0x78 C:/devkitPro/libnx/lib\libnx.a(console_sw.o)
 *fill*         0x0000000000005368        0x8 
 .text.ConsoleSwRenderer_scrollWindow
                0x0000000000005370       0xec C:/devkitPro/libnx/lib\libnx.a(console_sw.o)
 *fill*         0x000000000000545c        0x4 
 .text.ConsoleSwRenderer_deinit
                0x0000000000005460       0x50 C:/devkitPro/libnx/lib\libnx.a(console_sw.o)
 .text.getDefaultConsoleRenderer
                0x00000000000054b0        0xc C:/devkitPro/libnx/lib\libnx.a(console_sw.o)
                0x00000000000054b0                getDefaultConsoleRenderer
 .text.svcSetHeapSize
                0x00000000000054bc       0x14 C:/devkitPro/libnx/lib\libnx.a(svc.o)
                0x00000000000054bc                svcSetHeapSize
 .text.svcSetMemoryPermission
                0x00000000000054d0        0x8 C:/devkitPro/libnx/lib\libnx.a(svc.o)
                0x00000000000054d0                svcSetMemoryPermission
 .text.svcSetMemoryAttribute
                0x00000000000054d8        0x8 C:/devkitPro/libnx/lib\libnx.a(svc.o)
                0x00000000000054d8                svcSetMemoryAttribute
 .text.svcUnmapMemory
                0x00000000000054e0        0x8 C:/devkitPro/libnx/lib\libnx.a(svc.o)
                0x00000000000054e0                svcUnmapMemory
 .text.svcQueryMemory
                0x00000000000054e8       0x14 C:/devkitPro/libnx/lib\libnx.a(svc.o)
                0x00000000000054e8                svcQueryMemory
 .text.svcExitProcess
                0x00000000000054fc        0x8 C:/devkitPro/libnx/lib\libnx.a(svc.o)
                0x00000000000054fc                svcExitProcess
 .text.svcSleepThread
                0x0000000000005504        0x8 C:/devkitPro/libnx/lib\libnx.a(svc.o)
                0x0000000000005504                svcSleepThread
 .text.svcMapSharedMemory
                0x000000000000550c        0x8 C:/devkitPro/libnx/lib\libnx.a(svc.o)
                0x000000000000550c                svcMapSharedMemory
 .text.svcUnmapSharedMemory
                0x0000000000005514        0x8 C:/devkitPro/libnx/lib\libnx.a(svc.o)
                0x0000000000005514                svcUnmapSharedMemory
 .text.svcCreateTransferMemory
                0x000000000000551c       0x14 C:/devkitPro/libnx/lib\libnx.a(svc.o)
                0x000000000000551c                svcCreateTransferMemory
 .text.svcCloseHandle
                0x0000000000005530        0x8 C:/devkitPro/libnx/lib\libnx.a(svc.o)
                0x0000000000005530                svcCloseHandle
 .text.svcResetSignal
                0x0000000000005538        0x8 C:/devkitPro/libnx/lib\libnx.a(svc.o)
                0x0000000000005538                svcResetSignal
 .text.svcWaitSynchronization
                0x0000000000005540       0x14 C:/devkitPro/libnx/lib\libnx.a(svc.o)
                0x0000000000005540                svcWaitSynchronization
 .text.svcArbitrateLock
                0x0000000000005554        0x8 C:/devkitPro/libnx/lib\libnx.a(svc.o)
                0x0000000000005554                svcArbitrateLock
 .text.svcArbitrateUnlock
                0x000000000000555c        0x8 C:/devkitPro/libnx/lib\libnx.a(svc.o)
                0x000000000000555c                svcArbitrateUnlock
 .text.svcWaitProcessWideKeyAtomic
                0x0000000000005564        0x8 C:/devkitPro/libnx/lib\libnx.a(svc.o)
                0x0000000000005564                svcWaitProcessWideKeyAtomic
 .text.svcSignalProcessWideKey
                0x000000000000556c        0x8 C:/devkitPro/libnx/lib\libnx.a(svc.o)
                0x000000000000556c                svcSignalProcessWideKey
 .text.svcConnectToNamedPort
                0x0000000000005574       0x14 C:/devkitPro/libnx/lib\libnx.a(svc.o)
                0x0000000000005574                svcConnectToNamedPort
 .text.svcSendSyncRequest
                0x0000000000005588        0x8 C:/devkitPro/libnx/lib\libnx.a(svc.o)
                0x0000000000005588                svcSendSyncRequest
 .text.svcBreak
                0x0000000000005590        0x8 C:/devkitPro/libnx/lib\libnx.a(svc.o)
                0x0000000000005590                svcBreak
 .text.svcReturnFromException
                0x0000000000005598        0x8 C:/devkitPro/libnx/lib\libnx.a(svc.o)
                0x0000000000005598                svcReturnFromException
 .text.svcGetInfo
                0x00000000000055a0       0x14 C:/devkitPro/libnx/lib\libnx.a(svc.o)
                0x00000000000055a0                svcGetInfo
 .text.svcUnmapTransferMemory
                0x00000000000055b4        0x8 C:/devkitPro/libnx/lib\libnx.a(svc.o)
                0x00000000000055b4                svcUnmapTransferMemory
 *fill*         0x00000000000055bc        0x4 
 .text.eventLoadRemote
                0x00000000000055c0        0xc C:/devkitPro/libnx/lib\libnx.a(event.o)
                0x00000000000055c0                eventLoadRemote
 *fill*         0x00000000000055cc        0x4 
 .text.eventWait
                0x00000000000055d0       0x34 C:/devkitPro/libnx/lib\libnx.a(event.o)
                0x00000000000055d0                eventWait
 *fill*         0x0000000000005604        0xc 
 .text.eventClose
                0x0000000000005610       0x54 C:/devkitPro/libnx/lib\libnx.a(event.o)
                0x0000000000005610                eventClose
 *fill*         0x0000000000005664        0xc 
 .text.mutexLock
                0x0000000000005670       0xc8 C:/devkitPro/libnx/lib\libnx.a(mutex.o)
                0x0000000000005670                mutexLock
 *fill*         0x0000000000005738        0x8 
 .text.mutexUnlock
                0x0000000000005740       0x68 C:/devkitPro/libnx/lib\libnx.a(mutex.o)
                0x0000000000005740                mutexUnlock
 *fill*         0x00000000000057a8        0x8 
 .text.mutexIsLockedByCurrentThread
                0x00000000000057b0       0x1c C:/devkitPro/libnx/lib\libnx.a(mutex.o)
                0x00000000000057b0                mutexIsLockedByCurrentThread
 *fill*         0x00000000000057cc        0x4 
 .text.rmutexLock
                0x00000000000057d0       0x58 C:/devkitPro/libnx/lib\libnx.a(mutex.o)
                0x00000000000057d0                rmutexLock
 *fill*         0x0000000000005828        0x8 
 .text.rmutexUnlock
                0x0000000000005830       0x1c C:/devkitPro/libnx/lib\libnx.a(mutex.o)
                0x0000000000005830                rmutexUnlock
 *fill*         0x000000000000584c        0x4 
 .text.tmemCreate
                0x0000000000005850       0xa8 C:/devkitPro/libnx/lib\libnx.a(tmem.o)
                0x0000000000005850                tmemCreate
 *fill*         0x00000000000058f8        0x8 
 .text.tmemUnmap
                0x0000000000005900       0x34 C:/devkitPro/libnx/lib\libnx.a(tmem.o)
                0x0000000000005900                tmemUnmap
 *fill*         0x0000000000005934        0xc 
 .text.tmemCloseHandle
                0x0000000000005940       0x30 C:/devkitPro/libnx/lib\libnx.a(tmem.o)
                0x0000000000005940                tmemCloseHandle
 .text.tmemWaitForPermission
                0x0000000000005970       0x9c C:/devkitPro/libnx/lib\libnx.a(tmem.o)
                0x0000000000005970                tmemWaitForPermission
 *fill*         0x0000000000005a0c        0x4 
 .text.tmemClose
                0x0000000000005a10       0x50 C:/devkitPro/libnx/lib\libnx.a(tmem.o)
                0x0000000000005a10                tmemClose
 .text._memregionInitWithInfo
                0x0000000000005a60       0x64 C:/devkitPro/libnx/lib\libnx.a(virtmem.o)
 *fill*         0x0000000000005ac4        0xc 
 .text.__libnx_virtmem_rng
                0x0000000000005ad0        0x4 C:/devkitPro/libnx/lib\libnx.a(virtmem.o)
                0x0000000000005ad0                __libnx_virtmem_rng
 *fill*         0x0000000000005ad4        0xc 
 .text._memregionFindRandom
                0x0000000000005ae0      0x164 C:/devkitPro/libnx/lib\libnx.a(virtmem.o)
 *fill*         0x0000000000005c44        0xc 
 .text.virtmemSetup
                0x0000000000005c50      0x140 C:/devkitPro/libnx/lib\libnx.a(virtmem.o)
                0x0000000000005c50                virtmemSetup
 .text.virtmemLock
                0x0000000000005d90        0xc C:/devkitPro/libnx/lib\libnx.a(virtmem.o)
                0x0000000000005d90                virtmemLock
 *fill*         0x0000000000005d9c        0x4 
 .text.virtmemUnlock
                0x0000000000005da0        0xc C:/devkitPro/libnx/lib\libnx.a(virtmem.o)
                0x0000000000005da0                virtmemUnlock
 *fill*         0x0000000000005dac        0x4 
 .text.virtmemFindAslr
                0x0000000000005db0       0x50 C:/devkitPro/libnx/lib\libnx.a(virtmem.o)
                0x0000000000005db0                virtmemFindAslr
 .text.waitObjects
                0x0000000000005e00      0x57c C:/devkitPro/libnx/lib\libnx.a(wait.o)
                0x0000000000005e00                waitObjects
 *fill*         0x000000000000637c        0x4 
 .text._apmCleanup
                0x0000000000006380       0xd4 C:/devkitPro/libnx/lib\libnx.a(apm.o)
 *fill*         0x0000000000006454        0xc 
 .text.apmInitialize
                0x0000000000006460      0x194 C:/devkitPro/libnx/lib\libnx.a(apm.o)
                0x0000000000006460                apmInitialize
 *fill*         0x00000000000065f4        0xc 
 .text.apmExit  0x0000000000006600       0x48 C:/devkitPro/libnx/lib\libnx.a(apm.o)
                0x0000000000006600                apmExit
 *fill*         0x0000000000006648        0x8 
 .text.apmSetPerformanceConfiguration
                0x0000000000006650       0xc8 C:/devkitPro/libnx/lib\libnx.a(apm.o)
                0x0000000000006650                apmSetPerformanceConfiguration
 *fill*         0x0000000000006718        0x8 
 .text._hidCleanup
                0x0000000000006720      0x12c C:/devkitPro/libnx/lib\libnx.a(hid.o)
 *fill*         0x000000000000684c        0x4 
 .text._hidCmdInAruidNoOut
                0x0000000000006850       0xd4 C:/devkitPro/libnx/lib\libnx.a(hid.o)
 *fill*         0x0000000000006924        0xc 
 .text._hidCmdInU32AruidNoOut
                0x0000000000006930       0xe0 C:/devkitPro/libnx/lib\libnx.a(hid.o)
 .text._hidGetStates
                0x0000000000006a10      0x194 C:/devkitPro/libnx/lib\libnx.a(hid.o)
 *fill*         0x0000000000006ba4        0xc 
 .text.hidInitialize
                0x0000000000006bb0      0x26c C:/devkitPro/libnx/lib\libnx.a(hid.o)
                0x0000000000006bb0                hidInitialize
 *fill*         0x0000000000006e1c        0x4 
 .text.hidExit  0x0000000000006e20       0x48 C:/devkitPro/libnx/lib\libnx.a(hid.o)
                0x0000000000006e20                hidExit
 *fill*         0x0000000000006e68        0x8 
 .text.hidGetSharedmemAddr
                0x0000000000006e70        0xc C:/devkitPro/libnx/lib\libnx.a(hid.o)
                0x0000000000006e70                hidGetSharedmemAddr
 *fill*         0x0000000000006e7c        0x4 
 .text.hidGetNpadStyleSet
                0x0000000000006e80       0x90 C:/devkitPro/libnx/lib\libnx.a(hid.o)
                0x0000000000006e80                hidGetNpadStyleSet
 .text.hidInitializeNpad
                0x0000000000006f10       0x84 C:/devkitPro/libnx/lib\libnx.a(hid.o)
                0x0000000000006f10                hidInitializeNpad
 *fill*         0x0000000000006f94        0xc 
 .text.hidGetNpadStatesFullKey
                0x0000000000006fa0       0xa4 C:/devkitPro/libnx/lib\libnx.a(hid.o)
                0x0000000000006fa0                hidGetNpadStatesFullKey
 *fill*         0x0000000000007044        0xc 
 .text.hidGetNpadStatesHandheld
                0x0000000000007050       0xa4 C:/devkitPro/libnx/lib\libnx.a(hid.o)
                0x0000000000007050                hidGetNpadStatesHandheld
 *fill*         0x00000000000070f4        0xc 
 .text.hidGetNpadStatesJoyDual
                0x0000000000007100       0xa4 C:/devkitPro/libnx/lib\libnx.a(hid.o)
                0x0000000000007100                hidGetNpadStatesJoyDual
 *fill*         0x00000000000071a4        0xc 
 .text.hidGetNpadStatesJoyLeft
                0x00000000000071b0       0xa4 C:/devkitPro/libnx/lib\libnx.a(hid.o)
                0x00000000000071b0                hidGetNpadStatesJoyLeft
 *fill*         0x0000000000007254        0xc 
 .text.hidGetNpadStatesJoyRight
                0x0000000000007260       0xa4 C:/devkitPro/libnx/lib\libnx.a(hid.o)
                0x0000000000007260                hidGetNpadStatesJoyRight
 *fill*         0x0000000000007304        0xc 
 .text.hidGetNpadStatesGc
                0x0000000000007310      0x144 C:/devkitPro/libnx/lib\libnx.a(hid.o)
                0x0000000000007310                hidGetNpadStatesGc
 *fill*         0x0000000000007454        0xc 
 .text.hidGetNpadStatesSystemExt
                0x0000000000007460       0xa8 C:/devkitPro/libnx/lib\libnx.a(hid.o)
                0x0000000000007460                hidGetNpadStatesSystemExt
 *fill*         0x0000000000007508        0x8 
 .text.hidSetSupportedNpadStyleSet
                0x0000000000007510        0x8 C:/devkitPro/libnx/lib\libnx.a(hid.o)
                0x0000000000007510                hidSetSupportedNpadStyleSet
 *fill*         0x0000000000007518        0x8 
 .text.hidSetSupportedNpadIdType
                0x0000000000007520      0x100 C:/devkitPro/libnx/lib\libnx.a(hid.o)
                0x0000000000007520                hidSetSupportedNpadIdType
 .text.nwindowGetDefault
                0x0000000000007620        0xc C:/devkitPro/libnx/lib\libnx.a(default_window.o)
                0x0000000000007620                nwindowGetDefault
 *fill*         0x000000000000762c        0x4 
 .text.__nx_win_init
                0x0000000000007630       0xa4 C:/devkitPro/libnx/lib\libnx.a(default_window.o)
                0x0000000000007630                __nx_win_init
 *fill*         0x00000000000076d4        0xc 
 .text.__nx_win_exit
                0x00000000000076e0       0x34 C:/devkitPro/libnx/lib\libnx.a(default_window.o)
                0x00000000000076e0                __nx_win_exit
 *fill*         0x0000000000007714        0xc 
 .text.framebufferMakeLinear
                0x0000000000007720       0x8c C:/devkitPro/libnx/lib\libnx.a(framebuffer.o)
                0x0000000000007720                framebufferMakeLinear
 *fill*         0x00000000000077ac        0x4 
 .text.framebufferClose
                0x00000000000077b0       0x84 C:/devkitPro/libnx/lib\libnx.a(framebuffer.o)
                0x00000000000077b0                framebufferClose
 *fill*         0x0000000000007834        0xc 
 .text.framebufferCreate
                0x0000000000007840      0x290 C:/devkitPro/libnx/lib\libnx.a(framebuffer.o)
                0x0000000000007840                framebufferCreate
 .text.framebufferBegin
                0x0000000000007ad0       0x7c C:/devkitPro/libnx/lib\libnx.a(framebuffer.o)
                0x0000000000007ad0                framebufferBegin
 *fill*         0x0000000000007b4c        0x4 
 .text.framebufferEnd
                0x0000000000007b50      0x190 C:/devkitPro/libnx/lib\libnx.a(framebuffer.o)
                0x0000000000007b50                framebufferEnd
 .text.nwindowIsValid
                0x0000000000007ce0       0x24 C:/devkitPro/libnx/lib\libnx.a(native_window.o)
                0x0000000000007ce0                nwindowIsValid
 *fill*         0x0000000000007d04        0xc 
 .text.nwindowClose
                0x0000000000007d10       0x7c C:/devkitPro/libnx/lib\libnx.a(native_window.o)
                0x0000000000007d10                nwindowClose
 *fill*         0x0000000000007d8c        0x4 
 .text.nwindowCreate
                0x0000000000007d90       0xf8 C:/devkitPro/libnx/lib\libnx.a(native_window.o)
                0x0000000000007d90                nwindowCreate
 *fill*         0x0000000000007e88        0x8 
 .text.nwindowCreateFromLayer
                0x0000000000007e90       0x38 C:/devkitPro/libnx/lib\libnx.a(native_window.o)
                0x0000000000007e90                nwindowCreateFromLayer
 *fill*         0x0000000000007ec8        0x8 
 .text.nwindowSetDimensions
                0x0000000000007ed0       0x84 C:/devkitPro/libnx/lib\libnx.a(native_window.o)
                0x0000000000007ed0                nwindowSetDimensions
 *fill*         0x0000000000007f54        0xc 
 .text.nwindowConfigureBuffer
                0x0000000000007f60      0x180 C:/devkitPro/libnx/lib\libnx.a(native_window.o)
                0x0000000000007f60                nwindowConfigureBuffer
 .text.nwindowDequeueBuffer
                0x00000000000080e0      0x1cc C:/devkitPro/libnx/lib\libnx.a(native_window.o)
                0x00000000000080e0                nwindowDequeueBuffer
 *fill*         0x00000000000082ac        0x4 
 .text.nwindowQueueBuffer
                0x00000000000082b0      0x12c C:/devkitPro/libnx/lib\libnx.a(native_window.o)
                0x00000000000082b0                nwindowQueueBuffer
 *fill*         0x00000000000083dc        0x4 
 .text.nwindowReleaseBuffers
                0x00000000000083e0       0xbc C:/devkitPro/libnx/lib\libnx.a(native_window.o)
                0x00000000000083e0                nwindowReleaseBuffers
 *fill*         0x000000000000849c        0x4 
 .text.__libnx_alloc
                0x00000000000084a0        0x4 C:/devkitPro/libnx/lib\libnx.a(alloc.o)
                0x00000000000084a0                __libnx_alloc
 *fill*         0x00000000000084a4        0xc 
 .text.__libnx_aligned_alloc
                0x00000000000084b0       0x14 C:/devkitPro/libnx/lib\libnx.a(alloc.o)
                0x00000000000084b0                __libnx_aligned_alloc
 *fill*         0x00000000000084c4        0xc 
 .text.__libnx_free
                0x00000000000084d0        0x4 C:/devkitPro/libnx/lib\libnx.a(alloc.o)
                0x00000000000084d0                __libnx_free
 *fill*         0x00000000000084d4        0xc 
 .text.argvSetup
                0x00000000000084e0      0x314 C:/devkitPro/libnx/lib\libnx.a(argv.o)
                0x00000000000084e0                argvSetup
 *fill*         0x00000000000087f4        0xc 
 .text.__nx_dynamic
                0x0000000000008800      0x1fc C:/devkitPro/libnx/lib\libnx.a(dynamic.o)
                0x0000000000008800                __nx_dynamic
 *fill*         0x00000000000089fc        0x4 
 .text.__libnx_initheap
                0x0000000000008a00       0xd0 C:/devkitPro/libnx/lib\libnx.a(init.o)
                0x0000000000008a00                __libnx_initheap
 .text.__appInit
                0x0000000000008ad0       0xec C:/devkitPro/libnx/lib\libnx.a(init.o)
                0x0000000000008ad0                __appInit
 *fill*         0x0000000000008bbc        0x4 
 .text.__appExit
                0x0000000000008bc0       0x44 C:/devkitPro/libnx/lib\libnx.a(init.o)
                0x0000000000008bc0                __appExit
 *fill*         0x0000000000008c04        0xc 
 .text.__libnx_init
                0x0000000000008c10       0x2c C:/devkitPro/libnx/lib\libnx.a(init.o)
                0x0000000000008c10                __libnx_init
 *fill*         0x0000000000008c3c        0x4 
 .text.__libnx_exit
                0x0000000000008c40       0x1c C:/devkitPro/libnx/lib\libnx.a(init.o)
                0x0000000000008c40                __libnx_exit
 *fill*         0x0000000000008c5c        0x4 
 .text.__syscall_exit
                0x0000000000008c60       0x1c C:/devkitPro/libnx/lib\libnx.a(newlib.o)
                0x0000000000008c60                __syscall_exit
 *fill*         0x0000000000008c7c        0x4 
 .text.__syscall_getreent
                0x0000000000008c80       0x34 C:/devkitPro/libnx/lib\libnx.a(newlib.o)
                0x0000000000008c80                __syscall_getreent
 *fill*         0x0000000000008cb4        0xc 
 .text.__syscall_lock_acquire
                0x0000000000008cc0        0x4 C:/devkitPro/libnx/lib\libnx.a(newlib.o)
                0x0000000000008cc0                __syscall_lock_acquire
 *fill*         0x0000000000008cc4        0xc 
 .text.__syscall_lock_release
                0x0000000000008cd0        0x4 C:/devkitPro/libnx/lib\libnx.a(newlib.o)
                0x0000000000008cd0                __syscall_lock_release
 *fill*         0x0000000000008cd4        0xc 
 .text.__syscall_lock_acquire_recursive
                0x0000000000008ce0        0x4 C:/devkitPro/libnx/lib\libnx.a(newlib.o)
                0x0000000000008ce0                __syscall_lock_acquire_recursive
 *fill*         0x0000000000008ce4        0xc 
 .text.__syscall_lock_release_recursive
                0x0000000000008cf0        0x4 C:/devkitPro/libnx/lib\libnx.a(newlib.o)
                0x0000000000008cf0                __syscall_lock_release_recursive
 *fill*         0x0000000000008cf4        0xc 
 .text.__libnx_init_time
                0x0000000000008d00      0x25c C:/devkitPro/libnx/lib\libnx.a(newlib.o)
                0x0000000000008d00                __libnx_init_time
 *fill*         0x0000000000008f5c        0x4 
 .text.newlibSetup
                0x0000000000008f60       0x98 C:/devkitPro/libnx/lib\libnx.a(newlib.o)
                0x0000000000008f60                newlibSetup
 *fill*         0x0000000000008ff8        0x8 
 .text.nxlinkSetup
                0x0000000000009000       0xe8 C:/devkitPro/libnx/lib\libnx.a(nxlink.o)
                0x0000000000009000                nxlinkSetup
 *fill*         0x00000000000090e8        0x8 
 .text.fsdev_link
                0x00000000000090f0       0x10 C:/devkitPro/libnx/lib\libnx.a(fs_dev.o)
 .text.fsdev_dirreset
                0x0000000000009100       0x10 C:/devkitPro/libnx/lib\libnx.a(fs_dev.o)
 .text.fsdev_chmod
                0x0000000000009110       0x10 C:/devkitPro/libnx/lib\libnx.a(fs_dev.o)
 .text.error_cmp
                0x0000000000009120       0x18 C:/devkitPro/libnx/lib\libnx.a(fs_dev.o)
 *fill*         0x0000000000009138        0x8 
 .text.fsdev_dirclose
                0x0000000000009140       0x20 C:/devkitPro/libnx/lib\libnx.a(fs_dev.o)
 .text.fsdev_close
                0x0000000000009160       0x1c C:/devkitPro/libnx/lib\libnx.a(fs_dev.o)
 *fill*         0x000000000000917c        0x4 
 .text.fsdev_converttimetoutc
                0x0000000000009180       0x74 C:/devkitPro/libnx/lib\libnx.a(fs_dev.o)
 *fill*         0x00000000000091f4        0xc 
 .text.fsdevFindDevice.part.0
                0x0000000000009200       0xd4 C:/devkitPro/libnx/lib\libnx.a(fs_dev.o)
 *fill*         0x00000000000092d4        0xc 
 .text.fsdev_fixpath
                0x00000000000092e0      0x1cc C:/devkitPro/libnx/lib\libnx.a(fs_dev.o)
 *fill*         0x00000000000094ac        0x4 
 .text._fsdevUnmountDeviceStruct.part.0
                0x00000000000094b0       0x9c C:/devkitPro/libnx/lib\libnx.a(fs_dev.o)
 *fill*         0x000000000000954c        0x4 
 .text.fsdev_fchmod
                0x0000000000009550       0x10 C:/devkitPro/libnx/lib\libnx.a(fs_dev.o)
 .text.fsdev_diropen
                0x0000000000009560      0x100 C:/devkitPro/libnx/lib\libnx.a(fs_dev.o)
 .text.fsdev_statvfs
                0x0000000000009660       0xf8 C:/devkitPro/libnx/lib\libnx.a(fs_dev.o)
 *fill*         0x0000000000009758        0x8 
 .text.fsdev_fsync
                0x0000000000009760       0x7c C:/devkitPro/libnx/lib\libnx.a(fs_dev.o)
 *fill*         0x00000000000097dc        0x4 
 .text.fsdev_fstat
                0x00000000000097e0       0xec C:/devkitPro/libnx/lib\libnx.a(fs_dev.o)
 *fill*         0x00000000000098cc        0x4 
 .text.fsdev_ftruncate
                0x00000000000098d0       0x94 C:/devkitPro/libnx/lib\libnx.a(fs_dev.o)
 *fill*         0x0000000000009964        0xc 
 .text.fsdev_stat
                0x0000000000009970      0x1d8 C:/devkitPro/libnx/lib\libnx.a(fs_dev.o)
 *fill*         0x0000000000009b48        0x8 
 .text.fsdev_rename
                0x0000000000009b50      0x14c C:/devkitPro/libnx/lib\libnx.a(fs_dev.o)
 *fill*         0x0000000000009c9c        0x4 
 .text.fsdev_chdir
                0x0000000000009ca0      0x13c C:/devkitPro/libnx/lib\libnx.a(fs_dev.o)
 *fill*         0x0000000000009ddc        0x4 
 .text.fsdev_rmdir
                0x0000000000009de0       0xa4 C:/devkitPro/libnx/lib\libnx.a(fs_dev.o)
 *fill*         0x0000000000009e84        0xc 
 .text.fsdev_mkdir
                0x0000000000009e90       0xa4 C:/devkitPro/libnx/lib\libnx.a(fs_dev.o)
 *fill*         0x0000000000009f34        0xc 
 .text.fsdev_unlink
                0x0000000000009f40       0xa4 C:/devkitPro/libnx/lib\libnx.a(fs_dev.o)
 *fill*         0x0000000000009fe4        0xc 
 .text.fsdev_write_safe
                0x0000000000009ff0      0x13c C:/devkitPro/libnx/lib\libnx.a(fs_dev.o)
 *fill*         0x000000000000a12c        0x4 
 .text.fsdev_read_safe
                0x000000000000a130      0x134 C:/devkitPro/libnx/lib\libnx.a(fs_dev.o)
 *fill*         0x000000000000a264        0xc 
 .text.fsdev_read
                0x000000000000a270      0x100 C:/devkitPro/libnx/lib\libnx.a(fs_dev.o)
 .text.fsdev_dirnext
                0x000000000000a370      0x1d4 C:/devkitPro/libnx/lib\libnx.a(fs_dev.o)
 *fill*         0x000000000000a544        0xc 
 .text.fsdev_write
                0x000000000000a550      0x124 C:/devkitPro/libnx/lib\libnx.a(fs_dev.o)
 *fill*         0x000000000000a674        0xc 
 .text.fsdev_seek
                0x000000000000a680      0x110 C:/devkitPro/libnx/lib\libnx.a(fs_dev.o)
 .text.fsdev_open
                0x000000000000a790      0x230 C:/devkitPro/libnx/lib\libnx.a(fs_dev.o)
 .text.fsdevMountDevice
                0x000000000000a9c0      0x324 C:/devkitPro/libnx/lib\libnx.a(fs_dev.o)
                0x000000000000a9c0                fsdevMountDevice
 *fill*         0x000000000000ace4        0xc 
 .text.fsdevMountSdmc
                0x000000000000acf0       0x40 C:/devkitPro/libnx/lib\libnx.a(fs_dev.o)
                0x000000000000acf0                fsdevMountSdmc
 .text.__libnx_init_cwd
                0x000000000000ad30       0xbc C:/devkitPro/libnx/lib\libnx.a(fs_dev.o)
                0x000000000000ad30                __libnx_init_cwd
 *fill*         0x000000000000adec        0x4 
 .text.fsdevUnmountAll
                0x000000000000adf0       0x64 C:/devkitPro/libnx/lib\libnx.a(fs_dev.o)
                0x000000000000adf0                fsdevUnmountAll
 *fill*         0x000000000000ae54        0xc 
 .text.decode_utf8
                0x000000000000ae60      0x128 C:/devkitPro/libnx/lib\libnx.a(decode_utf8.o)
                0x000000000000ae60                decode_utf8
 .text.armDCacheFlush
                0x000000000000af88       0x4c C:/devkitPro/libnx/lib\libnx.a(cache.o)
                0x000000000000af88                armDCacheFlush
 .text.__libnx_exception_entry
                0x000000000000afd4      0x1c0 C:/devkitPro/libnx/lib\libnx.a(exception.o)
                0x000000000000afd4                __libnx_exception_entry
 .text.__libnx_exception_returnentry
                0x000000000000b194       0x18 C:/devkitPro/libnx/lib\libnx.a(exception.o)
                0x000000000000b194                __libnx_exception_returnentry
 .text.__aarch64_read_tp
                0x000000000000b1ac        0xc C:/devkitPro/libnx/lib\libnx.a(readtp.o)
                0x000000000000b1ac                __aarch64_read_tp
 *fill*         0x000000000000b1b8        0x8 
 .text.condvarWaitTimeout
                0x000000000000b1c0       0x70 C:/devkitPro/libnx/lib\libnx.a(condvar.o)
                0x000000000000b1c0                condvarWaitTimeout
 .text.randomGet
                0x000000000000b230      0x410 C:/devkitPro/libnx/lib\libnx.a(random.o)
                0x000000000000b230                randomGet
 .text.randomGet64
                0x000000000000b640       0x20 C:/devkitPro/libnx/lib\libnx.a(random.o)
                0x000000000000b640                randomGet64
 .text.shmemLoadRemote
                0x000000000000b660       0x14 C:/devkitPro/libnx/lib\libnx.a(shmem.o)
                0x000000000000b660                shmemLoadRemote
 *fill*         0x000000000000b674        0xc 
 .text.shmemMap
                0x000000000000b680       0x70 C:/devkitPro/libnx/lib\libnx.a(shmem.o)
                0x000000000000b680                shmemMap
 .text.shmemUnmap
                0x000000000000b6f0       0x34 C:/devkitPro/libnx/lib\libnx.a(shmem.o)
                0x000000000000b6f0                shmemUnmap
 *fill*         0x000000000000b724        0xc 
 .text.shmemClose
                0x000000000000b730       0x4c C:/devkitPro/libnx/lib\libnx.a(shmem.o)
                0x000000000000b730                shmemClose
 *fill*         0x000000000000b77c        0x4 
 .text.__libnx_init_thread
                0x000000000000b780       0xb0 C:/devkitPro/libnx/lib\libnx.a(thread.o)
                0x000000000000b780                __libnx_init_thread
 .text._fsCleanup
                0x000000000000b830       0xb4 C:/devkitPro/libnx/lib\libnx.a(fs.o)
 *fill*         0x000000000000b8e4        0xc 
 .text._fsCmdNoIO
                0x000000000000b8f0      0x1c0 C:/devkitPro/libnx/lib\libnx.a(fs.o)
 .text._fsFsCmdWithInPath
                0x000000000000bab0      0x1e0 C:/devkitPro/libnx/lib\libnx.a(fs.o)
 .text._fsFsCmdWithTwoInPaths
                0x000000000000bc90      0x1f8 C:/devkitPro/libnx/lib\libnx.a(fs.o)
 *fill*         0x000000000000be88        0x8 
 .text._fsFsOpenCommon
                0x000000000000be90      0x28c C:/devkitPro/libnx/lib\libnx.a(fs.o)
 *fill*         0x000000000000c11c        0x4 
 .text._fsFsCmdWithInPathAndOutU64
                0x000000000000c120      0x1fc C:/devkitPro/libnx/lib\libnx.a(fs.o)
 *fill*         0x000000000000c31c        0x4 
 .text._fsObjectClose
                0x000000000000c320       0xf8 C:/devkitPro/libnx/lib\libnx.a(fs.o)
 *fill*         0x000000000000c418        0x8 
 .text._fsCmdGetSession.constprop.0
                0x000000000000c420      0x17c C:/devkitPro/libnx/lib\libnx.a(fs.o)
 *fill*         0x000000000000c59c        0x4 
 .text.fsInitialize
                0x000000000000c5a0      0x2f8 C:/devkitPro/libnx/lib\libnx.a(fs.o)
                0x000000000000c5a0                fsInitialize
 *fill*         0x000000000000c898        0x8 
 .text.fsExit   0x000000000000c8a0       0x48 C:/devkitPro/libnx/lib\libnx.a(fs.o)
                0x000000000000c8a0                fsExit
 *fill*         0x000000000000c8e8        0x8 
 .text.fsOpenSdCardFileSystem
                0x000000000000c8f0        0x8 C:/devkitPro/libnx/lib\libnx.a(fs.o)
                0x000000000000c8f0                fsOpenSdCardFileSystem
 *fill*         0x000000000000c8f8        0x8 
 .text.fsFsCreateFile
                0x000000000000c900      0x1ec C:/devkitPro/libnx/lib\libnx.a(fs.o)
                0x000000000000c900                fsFsCreateFile
 *fill*         0x000000000000caec        0x4 
 .text.fsFsDeleteFile
                0x000000000000caf0        0x8 C:/devkitPro/libnx/lib\libnx.a(fs.o)
                0x000000000000caf0                fsFsDeleteFile
 *fill*         0x000000000000caf8        0x8 
 .text.fsFsCreateDirectory
                0x000000000000cb00        0x8 C:/devkitPro/libnx/lib\libnx.a(fs.o)
                0x000000000000cb00                fsFsCreateDirectory
 *fill*         0x000000000000cb08        0x8 
 .text.fsFsDeleteDirectory
                0x000000000000cb10        0x8 C:/devkitPro/libnx/lib\libnx.a(fs.o)
                0x000000000000cb10                fsFsDeleteDirectory
 *fill*         0x000000000000cb18        0x8 
 .text.fsFsRenameFile
                0x000000000000cb20        0x8 C:/devkitPro/libnx/lib\libnx.a(fs.o)
                0x000000000000cb20                fsFsRenameFile
 *fill*         0x000000000000cb28        0x8 
 .text.fsFsRenameDirectory
                0x000000000000cb30        0x8 C:/devkitPro/libnx/lib\libnx.a(fs.o)
                0x000000000000cb30                fsFsRenameDirectory
 *fill*         0x000000000000cb38        0x8 
 .text.fsFsGetEntryType
                0x000000000000cb40      0x1f0 C:/devkitPro/libnx/lib\libnx.a(fs.o)
                0x000000000000cb40                fsFsGetEntryType
 .text.fsFsOpenFile
                0x000000000000cd30        0x8 C:/devkitPro/libnx/lib\libnx.a(fs.o)
                0x000000000000cd30                fsFsOpenFile
 *fill*         0x000000000000cd38        0x8 
 .text.fsFsOpenDirectory
                0x000000000000cd40        0x8 C:/devkitPro/libnx/lib\libnx.a(fs.o)
                0x000000000000cd40                fsFsOpenDirectory
 *fill*         0x000000000000cd48        0x8 
 .text.fsFsGetFreeSpace
                0x000000000000cd50        0x8 C:/devkitPro/libnx/lib\libnx.a(fs.o)
                0x000000000000cd50                fsFsGetFreeSpace
 *fill*         0x000000000000cd58        0x8 
 .text.fsFsGetTotalSpace
                0x000000000000cd60        0x8 C:/devkitPro/libnx/lib\libnx.a(fs.o)
                0x000000000000cd60                fsFsGetTotalSpace
 *fill*         0x000000000000cd68        0x8 
 .text.fsFsGetFileTimeStampRaw
                0x000000000000cd70      0x230 C:/devkitPro/libnx/lib\libnx.a(fs.o)
                0x000000000000cd70                fsFsGetFileTimeStampRaw
 .text.fsFsClose
                0x000000000000cfa0        0x4 C:/devkitPro/libnx/lib\libnx.a(fs.o)
                0x000000000000cfa0                fsFsClose
 *fill*         0x000000000000cfa4        0xc 
 .text.fsFileRead
                0x000000000000cfb0      0x214 C:/devkitPro/libnx/lib\libnx.a(fs.o)
                0x000000000000cfb0                fsFileRead
 *fill*         0x000000000000d1c4        0xc 
 .text.fsFileWrite
                0x000000000000d1d0      0x1f8 C:/devkitPro/libnx/lib\libnx.a(fs.o)
                0x000000000000d1d0                fsFileWrite
 *fill*         0x000000000000d3c8        0x8 
 .text.fsFileFlush
                0x000000000000d3d0        0x8 C:/devkitPro/libnx/lib\libnx.a(fs.o)
                0x000000000000d3d0                fsFileFlush
 *fill*         0x000000000000d3d8        0x8 
 .text.fsFileSetSize
                0x000000000000d3e0      0x1c0 C:/devkitPro/libnx/lib\libnx.a(fs.o)
                0x000000000000d3e0                fsFileSetSize
 .text.fsFileGetSize
                0x000000000000d5a0      0x1d4 C:/devkitPro/libnx/lib\libnx.a(fs.o)
                0x000000000000d5a0                fsFileGetSize
 *fill*         0x000000000000d774        0xc 
 .text.fsFileClose
                0x000000000000d780        0x4 C:/devkitPro/libnx/lib\libnx.a(fs.o)
                0x000000000000d780                fsFileClose
 *fill*         0x000000000000d784        0xc 
 .text.fsDirClose
                0x000000000000d790        0x4 C:/devkitPro/libnx/lib\libnx.a(fs.o)
                0x000000000000d790                fsDirClose
 *fill*         0x000000000000d794        0xc 
 .text.fsDirRead
                0x000000000000d7a0      0x204 C:/devkitPro/libnx/lib\libnx.a(fs.o)
                0x000000000000d7a0                fsDirRead
 *fill*         0x000000000000d9a4        0xc 
 .text._nvCleanup
                0x000000000000d9b0       0xd0 C:/devkitPro/libnx/lib\libnx.a(nv.o)
 .text._nvCmdInitialize.constprop.0
                0x000000000000da80       0xd4 C:/devkitPro/libnx/lib\libnx.a(nv.o)
 *fill*         0x000000000000db54        0xc 
 .text.__nx_nv_create_tmem
                0x000000000000db60       0x18 C:/devkitPro/libnx/lib\libnx.a(nv.o)
                0x000000000000db60                __nx_nv_create_tmem
 *fill*         0x000000000000db78        0x8 
 .text.nvInitialize
                0x000000000000db80      0x3a8 C:/devkitPro/libnx/lib\libnx.a(nv.o)
                0x000000000000db80                nvInitialize
 *fill*         0x000000000000df28        0x8 
 .text.nvExit   0x000000000000df30       0x48 C:/devkitPro/libnx/lib\libnx.a(nv.o)
                0x000000000000df30                nvExit
 *fill*         0x000000000000df78        0x8 
 .text.nvConvertError
                0x000000000000df80       0xf4 C:/devkitPro/libnx/lib\libnx.a(nv.o)
                0x000000000000df80                nvConvertError
 *fill*         0x000000000000e074        0xc 
 .text.nvOpen   0x000000000000e080      0x114 C:/devkitPro/libnx/lib\libnx.a(nv.o)
                0x000000000000e080                nvOpen
 *fill*         0x000000000000e194        0xc 
 .text.nvIoctl  0x000000000000e1a0      0x310 C:/devkitPro/libnx/lib\libnx.a(nv.o)
                0x000000000000e1a0                nvIoctl
 .text.nvClose  0x000000000000e4b0       0xd4 C:/devkitPro/libnx/lib\libnx.a(nv.o)
                0x000000000000e4b0                nvClose
 *fill*         0x000000000000e584        0xc 
 .text.nvQueryEvent
                0x000000000000e590      0x10c C:/devkitPro/libnx/lib\libnx.a(nv.o)
                0x000000000000e590                nvQueryEvent
 *fill*         0x000000000000e69c        0x4 
 .text._setsysGetFirmwareVersionImpl
                0x000000000000e6a0       0xd0 C:/devkitPro/libnx/lib\libnx.a(set.o)
 .text._setsysCleanup
                0x000000000000e770       0x78 C:/devkitPro/libnx/lib\libnx.a(set.o)
 *fill*         0x000000000000e7e8        0x8 
 .text.setsysInitialize
                0x000000000000e7f0       0xa0 C:/devkitPro/libnx/lib\libnx.a(set.o)
                0x000000000000e7f0                setsysInitialize
 .text.setsysExit
                0x000000000000e890       0x48 C:/devkitPro/libnx/lib\libnx.a(set.o)
                0x000000000000e890                setsysExit
 *fill*         0x000000000000e8d8        0x8 
 .text.setsysGetFirmwareVersion
                0x000000000000e8e0       0x48 C:/devkitPro/libnx/lib\libnx.a(set.o)
                0x000000000000e8e0                setsysGetFirmwareVersion
 *fill*         0x000000000000e928        0x8 
 .text._timeCleanup
                0x000000000000e930      0x27c C:/devkitPro/libnx/lib\libnx.a(time.o)
 *fill*         0x000000000000ebac        0x4 
 .text._timeCmdGetSession.constprop.0
                0x000000000000ebb0      0x100 C:/devkitPro/libnx/lib\libnx.a(time.o)
 .text._timeReadClockFromSharedMem
                0x000000000000ecb0      0x104 C:/devkitPro/libnx/lib\libnx.a(time.o)
 *fill*         0x000000000000edb4        0xc 
 .text.timeInitialize
                0x000000000000edc0      0x300 C:/devkitPro/libnx/lib\libnx.a(time.o)
                0x000000000000edc0                timeInitialize
 .text.timeExit
                0x000000000000f0c0       0x48 C:/devkitPro/libnx/lib\libnx.a(time.o)
                0x000000000000f0c0                timeExit
 *fill*         0x000000000000f108        0x8 
 .text.timeGetServiceSession_SystemClock
                0x000000000000f110       0x38 C:/devkitPro/libnx/lib\libnx.a(time.o)
                0x000000000000f110                timeGetServiceSession_SystemClock
 *fill*         0x000000000000f148        0x8 
 .text.timeGetCurrentTime
                0x000000000000f150       0xfc C:/devkitPro/libnx/lib\libnx.a(time.o)
                0x000000000000f150                timeGetCurrentTime
 *fill*         0x000000000000f24c        0x4 
 .text.timeToCalendarTimeWithMyRule
                0x000000000000f250      0x108 C:/devkitPro/libnx/lib\libnx.a(time.o)
                0x000000000000f250                timeToCalendarTimeWithMyRule
 *fill*         0x000000000000f358        0x8 
 .text.timeToPosixTimeWithMyRule
                0x000000000000f360      0x114 C:/devkitPro/libnx/lib\libnx.a(time.o)
                0x000000000000f360                timeToPosixTimeWithMyRule
 *fill*         0x000000000000f474        0xc 
 .text._viCleanup
                0x000000000000f480      0x230 C:/devkitPro/libnx/lib\libnx.a(vi.o)
 .text._viCmdGetSessionNoParams.constprop.0
                0x000000000000f6b0      0x100 C:/devkitPro/libnx/lib\libnx.a(vi.o)
 .text.viInitialize
                0x000000000000f7b0      0x368 C:/devkitPro/libnx/lib\libnx.a(vi.o)
                0x000000000000f7b0                viInitialize
 *fill*         0x000000000000fb18        0x8 
 .text.viExit   0x000000000000fb20       0x48 C:/devkitPro/libnx/lib\libnx.a(vi.o)
                0x000000000000fb20                viExit
 *fill*         0x000000000000fb68        0x8 
 .text.viGetSession_IHOSBinderDriverRelay
                0x000000000000fb70        0xc C:/devkitPro/libnx/lib\libnx.a(vi.o)
                0x000000000000fb70                viGetSession_IHOSBinderDriverRelay
 *fill*         0x000000000000fb7c        0x4 
 .text.viOpenDisplay
                0x000000000000fb80      0x10c C:/devkitPro/libnx/lib\libnx.a(vi.o)
                0x000000000000fb80                viOpenDisplay
 *fill*         0x000000000000fc8c        0x4 
 .text.viCloseDisplay
                0x000000000000fc90       0xec C:/devkitPro/libnx/lib\libnx.a(vi.o)
                0x000000000000fc90                viCloseDisplay
 *fill*         0x000000000000fd7c        0x4 
 .text.viCloseLayer
                0x000000000000fd80       0xf4 C:/devkitPro/libnx/lib\libnx.a(vi.o)
                0x000000000000fd80                viCloseLayer
 *fill*         0x000000000000fe74        0xc 
 .text.viCreateLayer
                0x000000000000fe80      0x394 C:/devkitPro/libnx/lib\libnx.a(vi.o)
                0x000000000000fe80                viCreateLayer
 *fill*         0x0000000000010214        0xc 
 .text.viSetLayerScalingMode
                0x0000000000010220       0xd8 C:/devkitPro/libnx/lib\libnx.a(vi.o)
                0x0000000000010220                viSetLayerScalingMode
 *fill*         0x00000000000102f8        0x8 
 .text._nvFenceCleanup
                0x0000000000010300       0x74 C:/devkitPro/libnx/lib\libnx.a(fence.o)
 *fill*         0x0000000000010374        0xc 
 .text.nvFenceInit
                0x0000000000010380       0x98 C:/devkitPro/libnx/lib\libnx.a(fence.o)
                0x0000000000010380                nvFenceInit
 *fill*         0x0000000000010418        0x8 
 .text.nvFenceExit
                0x0000000000010420       0x48 C:/devkitPro/libnx/lib\libnx.a(fence.o)
                0x0000000000010420                nvFenceExit
 *fill*         0x0000000000010468        0x8 
 .text.nvFenceWait
                0x0000000000010470      0x290 C:/devkitPro/libnx/lib\libnx.a(fence.o)
                0x0000000000010470                nvFenceWait
 .text.nvMultiFenceWait
                0x0000000000010700       0x7c C:/devkitPro/libnx/lib\libnx.a(fence.o)
                0x0000000000010700                nvMultiFenceWait
 *fill*         0x000000000001077c        0x4 
 .text.nvMapInit
                0x0000000000010780       0xac C:/devkitPro/libnx/lib\libnx.a(map.o)
                0x0000000000010780                nvMapInit
 *fill*         0x000000000001082c        0x4 
 .text.nvMapExit
                0x0000000000010830       0x74 C:/devkitPro/libnx/lib\libnx.a(map.o)
                0x0000000000010830                nvMapExit
 *fill*         0x00000000000108a4        0xc 
 .text.nvMapClose
                0x00000000000108b0       0x8c C:/devkitPro/libnx/lib\libnx.a(map.o)
                0x00000000000108b0                nvMapClose
 *fill*         0x000000000001093c        0x4 
 .text.nvMapCreate
                0x0000000000010940      0x160 C:/devkitPro/libnx/lib\libnx.a(map.o)
                0x0000000000010940                nvMapCreate
 .text.nvioctlNvhostCtrl_EventSignal
                0x0000000000010aa0       0x24 C:/devkitPro/libnx/lib\libnx.a(nvhost-ctrl.o)
                0x0000000000010aa0                nvioctlNvhostCtrl_EventSignal
 *fill*         0x0000000000010ac4        0xc 
 .text.nvioctlNvhostCtrl_EventWait
                0x0000000000010ad0       0x3c C:/devkitPro/libnx/lib\libnx.a(nvhost-ctrl.o)
                0x0000000000010ad0                nvioctlNvhostCtrl_EventWait
 *fill*         0x0000000000010b0c        0x4 
 .text.nvioctlNvhostCtrl_EventWaitAsync
                0x0000000000010b10       0x28 C:/devkitPro/libnx/lib\libnx.a(nvhost-ctrl.o)
                0x0000000000010b10                nvioctlNvhostCtrl_EventWaitAsync
 *fill*         0x0000000000010b38        0x8 
 .text.nvioctlNvhostCtrl_EventRegister
                0x0000000000010b40       0x24 C:/devkitPro/libnx/lib\libnx.a(nvhost-ctrl.o)
                0x0000000000010b40                nvioctlNvhostCtrl_EventRegister
 *fill*         0x0000000000010b64        0xc 
 .text.nvioctlNvhostCtrl_EventUnregister
                0x0000000000010b70       0x24 C:/devkitPro/libnx/lib\libnx.a(nvhost-ctrl.o)
                0x0000000000010b70                nvioctlNvhostCtrl_EventUnregister
 *fill*         0x0000000000010b94        0xc 
 .text.nvioctlNvmap_Create
                0x0000000000010ba0       0x3c C:/devkitPro/libnx/lib\libnx.a(nvmap.o)
                0x0000000000010ba0                nvioctlNvmap_Create
 *fill*         0x0000000000010bdc        0x4 
 .text.nvioctlNvmap_Alloc
                0x0000000000010be0       0x30 C:/devkitPro/libnx/lib\libnx.a(nvmap.o)
                0x0000000000010be0                nvioctlNvmap_Alloc
 .text.nvioctlNvmap_Free
                0x0000000000010c10       0x30 C:/devkitPro/libnx/lib\libnx.a(nvmap.o)
                0x0000000000010c10                nvioctlNvmap_Free
 .text.nvioctlNvmap_GetId
                0x0000000000010c40       0x3c C:/devkitPro/libnx/lib\libnx.a(nvmap.o)
                0x0000000000010c40                nvioctlNvmap_GetId
 *fill*         0x0000000000010c7c        0x4 
 .text.binderCreate
                0x0000000000010c80       0x1c C:/devkitPro/libnx/lib\libnx.a(binder.o)
                0x0000000000010c80                binderCreate
 *fill*         0x0000000000010c9c        0x4 
 .text.binderTransactParcel
                0x0000000000010ca0      0x35c C:/devkitPro/libnx/lib\libnx.a(binder.o)
                0x0000000000010ca0                binderTransactParcel
 *fill*         0x0000000000010ffc        0x4 
 .text.binderConvertErrorCode
                0x0000000000011000       0xe8 C:/devkitPro/libnx/lib\libnx.a(binder.o)
                0x0000000000011000                binderConvertErrorCode
 *fill*         0x00000000000110e8        0x8 
 .text.binderAdjustRefcount
                0x00000000000110f0      0x124 C:/devkitPro/libnx/lib\libnx.a(binder.o)
                0x00000000000110f0                binderAdjustRefcount
 *fill*         0x0000000000011214        0xc 
 .text.binderInitSession
                0x0000000000011220       0x9c C:/devkitPro/libnx/lib\libnx.a(binder.o)
                0x0000000000011220                binderInitSession
 *fill*         0x00000000000112bc        0x4 
 .text.binderClose
                0x00000000000112c0       0x5c C:/devkitPro/libnx/lib\libnx.a(binder.o)
                0x00000000000112c0                binderClose
 *fill*         0x000000000001131c        0x4 
 .text.binderGetNativeHandle
                0x0000000000011320      0x154 C:/devkitPro/libnx/lib\libnx.a(binder.o)
                0x0000000000011320                binderGetNativeHandle
 *fill*         0x0000000000011474        0xc 
 .text.bqRequestBuffer
                0x0000000000011480       0xc8 C:/devkitPro/libnx/lib\libnx.a(buffer_producer.o)
                0x0000000000011480                bqRequestBuffer
 *fill*         0x0000000000011548        0x8 
 .text.bqDequeueBuffer
                0x0000000000011550      0x128 C:/devkitPro/libnx/lib\libnx.a(buffer_producer.o)
                0x0000000000011550                bqDequeueBuffer
 *fill*         0x0000000000011678        0x8 
 .text.bqQueueBuffer
                0x0000000000011680       0xc8 C:/devkitPro/libnx/lib\libnx.a(buffer_producer.o)
                0x0000000000011680                bqQueueBuffer
 *fill*         0x0000000000011748        0x8 
 .text.bqCancelBuffer
                0x0000000000011750       0x84 C:/devkitPro/libnx/lib\libnx.a(buffer_producer.o)
                0x0000000000011750                bqCancelBuffer
 *fill*         0x00000000000117d4        0xc 
 .text.bqConnect
                0x00000000000117e0       0xd0 C:/devkitPro/libnx/lib\libnx.a(buffer_producer.o)
                0x00000000000117e0                bqConnect
 .text.bqDisconnect
                0x00000000000118b0       0x88 C:/devkitPro/libnx/lib\libnx.a(buffer_producer.o)
                0x00000000000118b0                bqDisconnect
 *fill*         0x0000000000011938        0x8 
 .text.bqSetPreallocatedBuffer
                0x0000000000011940      0x194 C:/devkitPro/libnx/lib\libnx.a(buffer_producer.o)
                0x0000000000011940                bqSetPreallocatedBuffer
 *fill*         0x0000000000011ad4        0xc 
 .text.parcelCreate
                0x0000000000011ae0       0x30 C:/devkitPro/libnx/lib\libnx.a(parcel.o)
                0x0000000000011ae0                parcelCreate
 .text.parcelTransact
                0x0000000000011b10      0x174 C:/devkitPro/libnx/lib\libnx.a(parcel.o)
                0x0000000000011b10                parcelTransact
 *fill*         0x0000000000011c84        0xc 
 .text.parcelWriteData
                0x0000000000011c90       0x80 C:/devkitPro/libnx/lib\libnx.a(parcel.o)
                0x0000000000011c90                parcelWriteData
 .text.parcelReadData
                0x0000000000011d10       0x88 C:/devkitPro/libnx/lib\libnx.a(parcel.o)
                0x0000000000011d10                parcelReadData
 *fill*         0x0000000000011d98        0x8 
 .text.parcelWriteInt32
                0x0000000000011da0       0x20 C:/devkitPro/libnx/lib\libnx.a(parcel.o)
                0x0000000000011da0                parcelWriteInt32
 .text.parcelWriteUInt32
                0x0000000000011dc0       0x20 C:/devkitPro/libnx/lib\libnx.a(parcel.o)
                0x0000000000011dc0                parcelWriteUInt32
 .text.parcelWriteString16
                0x0000000000011de0       0x7c C:/devkitPro/libnx/lib\libnx.a(parcel.o)
                0x0000000000011de0                parcelWriteString16
 *fill*         0x0000000000011e5c        0x4 
 .text.parcelWriteInterfaceToken
                0x0000000000011e60       0x30 C:/devkitPro/libnx/lib\libnx.a(parcel.o)
                0x0000000000011e60                parcelWriteInterfaceToken
 .text.parcelReadInt32
                0x0000000000011e90       0x24 C:/devkitPro/libnx/lib\libnx.a(parcel.o)
                0x0000000000011e90                parcelReadInt32
 *fill*         0x0000000000011eb4        0xc 
 .text.parcelReadFlattenedObject
                0x0000000000011ec0       0x68 C:/devkitPro/libnx/lib\libnx.a(parcel.o)
                0x0000000000011ec0                parcelReadFlattenedObject
 *fill*         0x0000000000011f28        0x8 
 .text.parcelWriteFlattenedObject
                0x0000000000011f30       0x44 C:/devkitPro/libnx/lib\libnx.a(parcel.o)
                0x0000000000011f30                parcelWriteFlattenedObject
 *fill*         0x0000000000011f74        0xc 
 .text.sessionmgrCreate
                0x0000000000011f80      0x184 C:/devkitPro/libnx/lib\libnx.a(sessionmgr.o)
                0x0000000000011f80                sessionmgrCreate
 *fill*         0x0000000000012104        0xc 
 .text.sessionmgrClose
                0x0000000000012110       0x84 C:/devkitPro/libnx/lib\libnx.a(sessionmgr.o)
                0x0000000000012110                sessionmgrClose
 *fill*         0x0000000000012194        0xc 
 .text.sessionmgrAttachClient
                0x00000000000121a0       0xa8 C:/devkitPro/libnx/lib\libnx.a(sessionmgr.o)
                0x00000000000121a0                sessionmgrAttachClient
 *fill*         0x0000000000012248        0x8 
 .text.sessionmgrDetachClient
                0x0000000000012250       0x60 C:/devkitPro/libnx/lib\libnx.a(sessionmgr.o)
                0x0000000000012250                sessionmgrDetachClient
 *fill*         0x00000000000122b0       0x10 
 .text          0x00000000000122c0      0x104 C:/devkitPro/devkitA64/bin/../lib/gcc/aarch64-none-elf/15.1.0/../../../../aarch64-none-elf/lib/pic\libg.a(libc_a-memset.o)
                0x00000000000122c0                memset
 *fill*         0x00000000000123c4       0x1c 
 .text.setenv   0x00000000000123e0       0x34 C:/devkitPro/devkitA64/bin/../lib/gcc/aarch64-none-elf/15.1.0/../../../../aarch64-none-elf/lib/pic\libg.a(libc_a-setenv.o)
                0x00000000000123e0                setenv
 *fill*         0x0000000000012414       0x2c 
 .text          0x0000000000012440      0x134 C:/devkitPro/devkitA64/bin/../lib/gcc/aarch64-none-elf/15.1.0/../../../../aarch64-none-elf/lib/pic\libg.a(libc_a-strcmp.o)
                0x0000000000012440                strcmp
 *fill*         0x0000000000012574        0xc 
 .text          0x0000000000012580      0x1b4 C:/devkitPro/devkitA64/bin/../lib/gcc/aarch64-none-elf/15.1.0/../../../../aarch64-none-elf/lib/pic\libg.a(libc_a-strncmp.o)
                0x0000000000012580                strncmp
 *fill*         0x0000000000012734        0xc 
 .text.stdio_exit_handler
                0x0000000000012740       0x1c C:/devkitPro/devkitA64/bin/../lib/gcc/aarch64-none-elf/15.1.0/../../../../aarch64-none-elf/lib/pic\libg.a(libc_a-findfp.o)
 *fill*         0x000000000001275c        0x4 
 .text.cleanup_stdio
                0x0000000000012760       0x6c C:/devkitPro/devkitA64/bin/../lib/gcc/aarch64-none-elf/15.1.0/../../../../aarch64-none-elf/lib/pic\libg.a(libc_a-findfp.o)
 *fill*         0x00000000000127cc       0x14 
 .text.global_stdio_init.part.0
                0x00000000000127e0      0x134 C:/devkitPro/devkitA64/bin/../lib/gcc/aarch64-none-elf/15.1.0/../../../../aarch64-none-elf/lib/pic\libg.a(libc_a-findfp.o)
 *fill*         0x0000000000012914        0xc 
 .text.__sfp_lock_acquire
                0x0000000000012920        0xc C:/devkitPro/devkitA64/bin/../lib/gcc/aarch64-none-elf/15.1.0/../../../../aarch64-none-elf/lib/pic\libg.a(libc_a-findfp.o)
                0x0000000000012920                __sfp_lock_acquire
 *fill*         0x000000000001292c       0x14 
 .text.__sfp_lock_release
                0x0000000000012940        0xc C:/devkitPro/devkitA64/bin/../lib/gcc/aarch64-none-elf/15.1.0/../../../../aarch64-none-elf/lib/pic\libg.a(libc_a-findfp.o)
                0x0000000000012940                __sfp_lock_release
 *fill*         0x000000000001294c       0x14 
 .text.__sinit  0x0000000000012960       0x54 C:/devkitPro/devkitA64/bin/../lib/gcc/aarch64-none-elf/15.1.0/../../../../aarch64-none-elf/lib/pic\libg.a(libc_a-findfp.o)
                0x0000000000012960                __sinit
 *fill*         0x00000000000129b4        0xc 
 .text._strtoul_l.isra.0
                0x00000000000129c0      0x1a4 C:/devkitPro/devkitA64/bin/../lib/gcc/aarch64-none-elf/15.1.0/../../../../aarch64-none-elf/lib/pic\libg.a(libc_a-strtoul.o)
 *fill*         0x0000000000012b64       0x1c 
 .text.strtoul  0x0000000000012b80       0x40 C:/devkitPro/devkitA64/bin/../lib/gcc/aarch64-none-elf/15.1.0/../../../../aarch64-none-elf/lib/pic\libg.a(libc_a-strtoul.o)
                0x0000000000012b80                strtoul
 .text.__libc_init_array
                0x0000000000012bc0       0xa4 C:/devkitPro/devkitA64/bin/../lib/gcc/aarch64-none-elf/15.1.0/../../../../aarch64-none-elf/lib/pic\libg.a(libc_a-init.o)
                0x0000000000012bc0                __libc_init_array
 *fill*         0x0000000000012c64       0x1c 
 .text.strncat  0x0000000000012c80       0x88 C:/devkitPro/devkitA64/bin/../lib/gcc/aarch64-none-elf/15.1.0/../../../../aarch64-none-elf/lib/pic\libg.a(libc_a-strncat.o)
                0x0000000000012c80                strncat
 *fill*         0x0000000000012d08       0x18 
 .text._fwalk_sglue
                0x0000000000012d20       0x98 C:/devkitPro/devkitA64/bin/../lib/gcc/aarch64-none-elf/15.1.0/../../../../aarch64-none-elf/lib/pic\libg.a(libc_a-fwalk.o)
                0x0000000000012d20                _fwalk_sglue
 *fill*         0x0000000000012db8        0x8 
 .text.bsearch  0x0000000000012dc0       0xb4 C:/devkitPro/devkitA64/bin/../lib/gcc/aarch64-none-elf/15.1.0/../../../../aarch64-none-elf/lib/pic\libg.a(libc_a-bsearch.o)
                0x0000000000012dc0                bsearch
 *fill*         0x0000000000012e74        0xc 
 .text.__errno  0x0000000000012e80       0x14 C:/devkitPro/devkitA64/bin/../lib/gcc/aarch64-none-elf/15.1.0/../../../../aarch64-none-elf/lib/pic\libg.a(libc_a-errno.o)
                0x0000000000012e80                __errno
 *fill*         0x0000000000012e94        0xc 
 .text.aligned_alloc
                0x0000000000012ea0       0x2c C:/devkitPro/devkitA64/bin/../lib/gcc/aarch64-none-elf/15.1.0/../../../../aarch64-none-elf/lib/pic\libg.a(libc_a-aligned_alloc.o)
                0x0000000000012ea0                aligned_alloc
 *fill*         0x0000000000012ecc       0x14 
 .text._puts_r  0x0000000000012ee0       0xd4 C:/devkitPro/devkitA64/bin/../lib/gcc/aarch64-none-elf/15.1.0/../../../../aarch64-none-elf/lib/pic\libg.a(libc_a-puts.o)
                0x0000000000012ee0                _puts_r
 *fill*         0x0000000000012fb4        0xc 
 .text.puts     0x0000000000012fc0       0x1c C:/devkitPro/devkitA64/bin/../lib/gcc/aarch64-none-elf/15.1.0/../../../../aarch64-none-elf/lib/pic\libg.a(libc_a-puts.o)
                0x0000000000012fc0                puts
 *fill*         0x0000000000012fdc       0x24 
 .text          0x0000000000013000      0x22c C:/devkitPro/devkitA64/bin/../lib/gcc/aarch64-none-elf/15.1.0/../../../../aarch64-none-elf/lib/pic\libg.a(libc_a-memcpy.o)
                0x0000000000013000                memcpy
                0x0000000000013000                memmove
 *fill*         0x000000000001322c       0x14 
 .text._malloc_r
                0x0000000000013240      0x840 C:/devkitPro/devkitA64/bin/../lib/gcc/aarch64-none-elf/15.1.0/../../../../aarch64-none-elf/lib/pic\libg.a(libc_a-mallocr.o)
                0x0000000000013240                _malloc_r
 .text._malloc_trim_r
                0x0000000000013a80      0x11c C:/devkitPro/devkitA64/bin/../lib/gcc/aarch64-none-elf/15.1.0/../../../../aarch64-none-elf/lib/pic\libg.a(libc_a-freer.o)
                0x0000000000013a80                _malloc_trim_r
 *fill*         0x0000000000013b9c        0x4 
 .text._free_r  0x0000000000013ba0      0x2d8 C:/devkitPro/devkitA64/bin/../lib/gcc/aarch64-none-elf/15.1.0/../../../../aarch64-none-elf/lib/pic\libg.a(libc_a-freer.o)
                0x0000000000013ba0                _free_r
 *fill*         0x0000000000013e78        0x8 
 .text.malloc   0x0000000000013e80       0x38 C:/devkitPro/devkitA64/bin/../lib/gcc/aarch64-none-elf/15.1.0/../../../../aarch64-none-elf/lib/pic\libg.a(libc_a-malloc.o)
                0x0000000000013e80                malloc
 *fill*         0x0000000000013eb8        0x8 
 .text.free     0x0000000000013ec0       0x1c C:/devkitPro/devkitA64/bin/../lib/gcc/aarch64-none-elf/15.1.0/../../../../aarch64-none-elf/lib/pic\libg.a(libc_a-malloc.o)
                0x0000000000013ec0                free
 *fill*         0x0000000000013edc        0x4 
 .text.gmtime   0x0000000000013ee0       0x28 C:/devkitPro/devkitA64/bin/../lib/gcc/aarch64-none-elf/15.1.0/../../../../aarch64-none-elf/lib/pic\libg.a(libc_a-gmtime.o)
                0x0000000000013ee0                gmtime
 *fill*         0x0000000000013f08       0x38 
 .text          0x0000000000013f40      0x130 C:/devkitPro/devkitA64/bin/../lib/gcc/aarch64-none-elf/15.1.0/../../../../aarch64-none-elf/lib/pic\libg.a(libc_a-strlen.o)
                0x0000000000013f40                strlen
 *fill*         0x0000000000014070       0x10 
 .text          0x0000000000014080       0xb8 C:/devkitPro/devkitA64/bin/../lib/gcc/aarch64-none-elf/15.1.0/../../../../aarch64-none-elf/lib/pic\libg.a(libc_a-strnlen.o)
                0x0000000000014080                strnlen
 *fill*         0x0000000000014138        0x8 
 .text.__malloc_lock
                0x0000000000014140        0xc C:/devkitPro/devkitA64/bin/../lib/gcc/aarch64-none-elf/15.1.0/../../../../aarch64-none-elf/lib/pic\libg.a(libc_a-mlock.o)
                0x0000000000014140                __malloc_lock
 *fill*         0x000000000001414c       0x14 
 .text.__malloc_unlock
                0x0000000000014160        0xc C:/devkitPro/devkitA64/bin/../lib/gcc/aarch64-none-elf/15.1.0/../../../../aarch64-none-elf/lib/pic\libg.a(libc_a-mlock.o)
                0x0000000000014160                __malloc_unlock
 *fill*         0x000000000001416c       0x14 
 .text._setenv_r
                0x0000000000014180      0x258 C:/devkitPro/devkitA64/bin/../lib/gcc/aarch64-none-elf/15.1.0/../../../../aarch64-none-elf/lib/pic\libg.a(libc_a-setenv_r.o)
                0x0000000000014180                _setenv_r
 *fill*         0x00000000000143d8        0x8 
 .text.__call_exitprocs
                0x00000000000143e0        0x4 C:/devkitPro/devkitA64/bin/../lib/gcc/aarch64-none-elf/15.1.0/../../../../aarch64-none-elf/lib/pic\libg.a(libc_a-exit.o)
                0x00000000000143e0                __call_exitprocs
 *fill*         0x00000000000143e4       0x1c 
 .text.setvbuf  0x0000000000014400      0x278 C:/devkitPro/devkitA64/bin/../lib/gcc/aarch64-none-elf/15.1.0/../../../../aarch64-none-elf/lib/pic\libg.a(libc_a-setvbuf.o)
                0x0000000000014400                setvbuf
 *fill*         0x0000000000014678        0x8 
 .text.strncpy  0x0000000000014680       0xac C:/devkitPro/devkitA64/bin/../lib/gcc/aarch64-none-elf/15.1.0/../../../../aarch64-none-elf/lib/pic\libg.a(libc_a-strncpy.o)
                0x0000000000014680                strncpy
 *fill*         0x000000000001472c       0x14 
 .text.__sfvwrite_r
                0x0000000000014740      0x4a4 C:/devkitPro/devkitA64/bin/../lib/gcc/aarch64-none-elf/15.1.0/../../../../aarch64-none-elf/lib/pic\libg.a(libc_a-fvwrite.o)
                0x0000000000014740                __sfvwrite_r
 *fill*         0x0000000000014be4       0x1c 
 .text.__sread  0x0000000000014c00       0x4c C:/devkitPro/devkitA64/bin/../lib/gcc/aarch64-none-elf/15.1.0/../../../../aarch64-none-elf/lib/pic\libg.a(libc_a-stdio.o)
                0x0000000000014c00                __sread
 *fill*         0x0000000000014c4c       0x14 
 .text.__swrite
                0x0000000000014c60       0x70 C:/devkitPro/devkitA64/bin/../lib/gcc/aarch64-none-elf/15.1.0/../../../../aarch64-none-elf/lib/pic\libg.a(libc_a-stdio.o)
                0x0000000000014c60                __swrite
 *fill*         0x0000000000014cd0       0x10 
 .text.__sseek  0x0000000000014ce0       0x50 C:/devkitPro/devkitA64/bin/../lib/gcc/aarch64-none-elf/15.1.0/../../../../aarch64-none-elf/lib/pic\libg.a(libc_a-stdio.o)
                0x0000000000014ce0                __sseek
 *fill*         0x0000000000014d30       0x10 
 .text.__sclose
                0x0000000000014d40        0x8 C:/devkitPro/devkitA64/bin/../lib/gcc/aarch64-none-elf/15.1.0/../../../../aarch64-none-elf/lib/pic\libg.a(libc_a-stdio.o)
                0x0000000000014d40                __sclose
 *fill*         0x0000000000014d48       0x18 
 .text.__env_lock
                0x0000000000014d60        0xc C:/devkitPro/devkitA64/bin/../lib/gcc/aarch64-none-elf/15.1.0/../../../../aarch64-none-elf/lib/pic\libg.a(libc_a-envlock.o)
                0x0000000000014d60                __env_lock
 *fill*         0x0000000000014d6c       0x14 
 .text.__env_unlock
                0x0000000000014d80        0xc C:/devkitPro/devkitA64/bin/../lib/gcc/aarch64-none-elf/15.1.0/../../../../aarch64-none-elf/lib/pic\libg.a(libc_a-envlock.o)
                0x0000000000014d80                __env_unlock
 *fill*         0x0000000000014d8c       0x14 
 .text._fclose_r
                0x0000000000014da0      0x130 C:/devkitPro/devkitA64/bin/../lib/gcc/aarch64-none-elf/15.1.0/../../../../aarch64-none-elf/lib/pic\libg.a(libc_a-fclose.o)
                0x0000000000014da0                _fclose_r
 *fill*         0x0000000000014ed0       0x10 
 .text.gmtime_r
                0x0000000000014ee0      0x2a0 C:/devkitPro/devkitA64/bin/../lib/gcc/aarch64-none-elf/15.1.0/../../../../aarch64-none-elf/lib/pic\libg.a(libc_a-gmtime_r.o)
                0x0000000000014ee0                gmtime_r
 .text._memalign_r
                0x0000000000015180      0x18c C:/devkitPro/devkitA64/bin/../lib/gcc/aarch64-none-elf/15.1.0/../../../../aarch64-none-elf/lib/pic\libg.a(libc_a-malignr.o)
                0x0000000000015180                _memalign_r
 *fill*         0x000000000001530c       0x34 
 .text          0x0000000000015340       0xdc C:/devkitPro/devkitA64/bin/../lib/gcc/aarch64-none-elf/15.1.0/../../../../aarch64-none-elf/lib/pic\libg.a(libc_a-memchr.o)
                0x0000000000015340                memchr
 *fill*         0x000000000001541c       0x24 
 .text          0x0000000000015440       0xcc C:/devkitPro/devkitA64/bin/../lib/gcc/aarch64-none-elf/15.1.0/../../../../aarch64-none-elf/lib/pic\libg.a(libc_a-strchr.o)
                0x0000000000015440                strchr
 *fill*         0x000000000001550c       0x14 
 .text.__libc_fini_array
                0x0000000000015520       0x44 C:/devkitPro/devkitA64/bin/../lib/gcc/aarch64-none-elf/15.1.0/../../../../aarch64-none-elf/lib/pic\libg.a(libc_a-fini.o)
                0x0000000000015520                __libc_fini_array
 *fill*         0x0000000000015564       0x1c 
 .text.__sflush_r
                0x0000000000015580      0x1ec C:/devkitPro/devkitA64/bin/../lib/gcc/aarch64-none-elf/15.1.0/../../../../aarch64-none-elf/lib/pic\libg.a(libc_a-fflush.o)
                0x0000000000015580                __sflush_r
 *fill*         0x000000000001576c       0x14 
 .text._fflush_r
                0x0000000000015780       0xbc C:/devkitPro/devkitA64/bin/../lib/gcc/aarch64-none-elf/15.1.0/../../../../aarch64-none-elf/lib/pic\libg.a(libc_a-fflush.o)
                0x0000000000015780                _fflush_r
 *fill*         0x000000000001583c        0x4 
 .text.__swhatbuf_r
                0x0000000000015840       0xb0 C:/devkitPro/devkitA64/bin/../lib/gcc/aarch64-none-elf/15.1.0/../../../../aarch64-none-elf/lib/pic\libg.a(libc_a-makebuf.o)
                0x0000000000015840                __swhatbuf_r
 *fill*         0x00000000000158f0       0x10 
 .text.__smakebuf_r
                0x0000000000015900       0xe8 C:/devkitPro/devkitA64/bin/../lib/gcc/aarch64-none-elf/15.1.0/../../../../aarch64-none-elf/lib/pic\libg.a(libc_a-makebuf.o)
                0x0000000000015900                __smakebuf_r
 *fill*         0x00000000000159e8       0x18 
 .text._findenv_r
                0x0000000000015a00       0xf4 C:/devkitPro/devkitA64/bin/../lib/gcc/aarch64-none-elf/15.1.0/../../../../aarch64-none-elf/lib/pic\libg.a(libc_a-getenv_r.o)
                0x0000000000015a00                _findenv_r
 *fill*         0x0000000000015af4        0xc 
 .text._realloc_r
                0x0000000000015b00      0x568 C:/devkitPro/devkitA64/bin/../lib/gcc/aarch64-none-elf/15.1.0/../../../../aarch64-none-elf/lib/pic\libg.a(libc_a-reallocr.o)
                0x0000000000015b00                _realloc_r
 *fill*         0x0000000000016068       0x18 
 .text.__swsetup_r
                0x0000000000016080      0x12c C:/devkitPro/devkitA64/bin/../lib/gcc/aarch64-none-elf/15.1.0/../../../../aarch64-none-elf/lib/pic\libg.a(libc_a-wsetup.o)
                0x0000000000016080                __swsetup_r
 *fill*         0x00000000000161ac       0x14 
 .text._exit    0x00000000000161c0       0x20 C:/devkitPro/devkitA64/bin/../lib/gcc/aarch64-none-elf/15.1.0/../../../../aarch64-none-elf/lib/pic\libsysbase.a(libsysbase_libsysbase_a-_exit.o)
                0x00000000000161c0                _exit
 .text.chdir    0x00000000000161e0      0x16c C:/devkitPro/devkitA64/bin/../lib/gcc/aarch64-none-elf/15.1.0/../../../../aarch64-none-elf/lib/pic\libsysbase.a(libsysbase_libsysbase_a-chdir.o)
                0x00000000000161e0                chdir
 *fill*         0x000000000001634c       0x14 
 .text._concatenate_path
                0x0000000000016360      0x218 C:/devkitPro/devkitA64/bin/../lib/gcc/aarch64-none-elf/15.1.0/../../../../aarch64-none-elf/lib/pic\libsysbase.a(libsysbase_libsysbase_a-concatenate.o)
                0x0000000000016360                _concatenate_path
 *fill*         0x0000000000016578        0x8 
 .text._fstat_r
                0x0000000000016580       0x9c C:/devkitPro/devkitA64/bin/../lib/gcc/aarch64-none-elf/15.1.0/../../../../aarch64-none-elf/lib/pic\libsysbase.a(libsysbase_libsysbase_a-fstat.o)
                0x0000000000016580                _fstat_r
 *fill*         0x000000000001661c        0x4 
 .text.__getreent
                0x0000000000016620       0x20 C:/devkitPro/devkitA64/bin/../lib/gcc/aarch64-none-elf/15.1.0/../../../../aarch64-none-elf/lib/pic\libsysbase.a(libsysbase_libsysbase_a-getreent.o)
                0x0000000000016620                __getreent
 .text.__get_handle
                0x0000000000016640       0x60 C:/devkitPro/devkitA64/bin/../lib/gcc/aarch64-none-elf/15.1.0/../../../../aarch64-none-elf/lib/pic\libsysbase.a(libsysbase_libsysbase_a-handle_manager.o)
                0x0000000000016640                __get_handle
 .text._close_r
                0x00000000000166a0       0xf4 C:/devkitPro/devkitA64/bin/../lib/gcc/aarch64-none-elf/15.1.0/../../../../aarch64-none-elf/lib/pic\libsysbase.a(libsysbase_libsysbase_a-handle_manager.o)
                0x00000000000166a0                _close_r
 *fill*         0x0000000000016794        0xc 
 .text.null_write
                0x00000000000167a0        0x8 C:/devkitPro/devkitA64/bin/../lib/gcc/aarch64-none-elf/15.1.0/../../../../aarch64-none-elf/lib/pic\libsysbase.a(libsysbase_libsysbase_a-iosupport.o)
 *fill*         0x00000000000167a8       0x18 
 .text.setDefaultDevice
                0x00000000000167c0       0x18 C:/devkitPro/devkitA64/bin/../lib/gcc/aarch64-none-elf/15.1.0/../../../../aarch64-none-elf/lib/pic\libsysbase.a(libsysbase_libsysbase_a-iosupport.o)
                0x00000000000167c0                setDefaultDevice
 *fill*         0x00000000000167d8        0x8 
 .text.FindDevice
                0x00000000000167e0      0x110 C:/devkitPro/devkitA64/bin/../lib/gcc/aarch64-none-elf/15.1.0/../../../../aarch64-none-elf/lib/pic\libsysbase.a(libsysbase_libsysbase_a-iosupport.o)
                0x00000000000167e0                FindDevice
 *fill*         0x00000000000168f0       0x10 
 .text.RemoveDevice
                0x0000000000016900       0x34 C:/devkitPro/devkitA64/bin/../lib/gcc/aarch64-none-elf/15.1.0/../../../../aarch64-none-elf/lib/pic\libsysbase.a(libsysbase_libsysbase_a-iosupport.o)
                0x0000000000016900                RemoveDevice
 *fill*         0x0000000000016934        0xc 
 .text.AddDevice
                0x0000000000016940       0xc4 C:/devkitPro/devkitA64/bin/../lib/gcc/aarch64-none-elf/15.1.0/../../../../aarch64-none-elf/lib/pic\libsysbase.a(libsysbase_libsysbase_a-iosupport.o)
                0x0000000000016940                AddDevice
 *fill*         0x0000000000016a04       0x1c 
 .text.GetDeviceOpTab
                0x0000000000016a20       0x34 C:/devkitPro/devkitA64/bin/../lib/gcc/aarch64-none-elf/15.1.0/../../../../aarch64-none-elf/lib/pic\libsysbase.a(libsysbase_libsysbase_a-iosupport.o)
                0x0000000000016a20                GetDeviceOpTab
 *fill*         0x0000000000016a54        0xc 
 .text._isatty_r
                0x0000000000016a60        0x8 C:/devkitPro/devkitA64/bin/../lib/gcc/aarch64-none-elf/15.1.0/../../../../aarch64-none-elf/lib/pic\libsysbase.a(libsysbase_libsysbase_a-isatty.o)
                0x0000000000016a60                _isatty_r
 *fill*         0x0000000000016a68       0x18 
 .text._lseek_r
                0x0000000000016a80       0xa0 C:/devkitPro/devkitA64/bin/../lib/gcc/aarch64-none-elf/15.1.0/../../../../aarch64-none-elf/lib/pic\libsysbase.a(libsysbase_libsysbase_a-lseek.o)
                0x0000000000016a80                _lseek_r
 .text._read_r  0x0000000000016b20       0xb0 C:/devkitPro/devkitA64/bin/../lib/gcc/aarch64-none-elf/15.1.0/../../../../aarch64-none-elf/lib/pic\libsysbase.a(libsysbase_libsysbase_a-read.o)
                0x0000000000016b20                _read_r
 *fill*         0x0000000000016bd0       0x10 
 .text._sbrk_r  0x0000000000016be0       0x78 C:/devkitPro/devkitA64/bin/../lib/gcc/aarch64-none-elf/15.1.0/../../../../aarch64-none-elf/lib/pic\libsysbase.a(libsysbase_libsysbase_a-sbrk.o)
                0x0000000000016be0                _sbrk_r
 *fill*         0x0000000000016c58        0x8 
 .text.__libc_lock_acquire
                0x0000000000016c60       0x14 C:/devkitPro/devkitA64/bin/../lib/gcc/aarch64-none-elf/15.1.0/../../../../aarch64-none-elf/lib/pic\libsysbase.a(libsysbase_libsysbase_a-syscall_support.o)
                0x0000000000016c60                __libc_lock_acquire
 *fill*         0x0000000000016c74        0xc 
 .text.__libc_lock_release
                0x0000000000016c80       0x14 C:/devkitPro/devkitA64/bin/../lib/gcc/aarch64-none-elf/15.1.0/../../../../aarch64-none-elf/lib/pic\libsysbase.a(libsysbase_libsysbase_a-syscall_support.o)
                0x0000000000016c80                __libc_lock_release
 *fill*         0x0000000000016c94        0xc 
 .text.__libc_lock_acquire_recursive
                0x0000000000016ca0       0x14 C:/devkitPro/devkitA64/bin/../lib/gcc/aarch64-none-elf/15.1.0/../../../../aarch64-none-elf/lib/pic\libsysbase.a(libsysbase_libsysbase_a-syscall_support.o)
                0x0000000000016ca0                __libc_lock_acquire_recursive
 *fill*         0x0000000000016cb4        0xc 
 .text.__libc_lock_release_recursive
                0x0000000000016cc0       0x14 C:/devkitPro/devkitA64/bin/../lib/gcc/aarch64-none-elf/15.1.0/../../../../aarch64-none-elf/lib/pic\libsysbase.a(libsysbase_libsysbase_a-syscall_support.o)
                0x0000000000016cc0                __libc_lock_release_recursive
 *fill*         0x0000000000016cd4        0xc 
 .text._write_r
                0x0000000000016ce0       0xb0 C:/devkitPro/devkitA64/bin/../lib/gcc/aarch64-none-elf/15.1.0/../../../../aarch64-none-elf/lib/pic\libsysbase.a(libsysbase_libsysbase_a-write.o)
                0x0000000000016ce0                _write_r
 *fill*         0x0000000000016d90       0x30 
 .text          0x0000000000016dc0      0x104 C:/devkitPro/devkitA64/bin/../lib/gcc/aarch64-none-elf/15.1.0/../../../../aarch64-none-elf/lib/pic\libg.a(libc_a-strrchr.o)
                0x0000000000016dc0                strrchr
                0x0000000000016ec8                . = ALIGN (0x8)
 *fill*         0x0000000000016ec4        0x4 

.init           0x0000000000016ec8       0x38
 *(.init)
 .init          0x0000000000016ec8       0x18 C:/devkitPro/devkitA64/bin/../lib/gcc/aarch64-none-elf/15.1.0/pic/crti.o
                0x0000000000016ec8                _init
 .init          0x0000000000016ee0       0x1c C:/devkitPro/devkitA64/bin/../lib/gcc/aarch64-none-elf/15.1.0/pic/crtn.o
                0x0000000000016f00                . = ALIGN (0x8)
 *fill*         0x0000000000016efc        0x4 

.plt            0x0000000000016f00        0x0
 *(.plt)
 .plt           0x0000000000016f00        0x0 C:/devkitPro/devkitA64/bin/../lib/gcc/aarch64-none-elf/15.1.0/pic/crti.o
 *(.iplt)
                0x0000000000016f00                . = ALIGN (0x8)

.fini           0x0000000000016f00       0x38
 *(.fini)
 .fini          0x0000000000016f00       0x18 C:/devkitPro/devkitA64/bin/../lib/gcc/aarch64-none-elf/15.1.0/pic/crti.o
                0x0000000000016f00                _fini
 .fini          0x0000000000016f18       0x1c C:/devkitPro/devkitA64/bin/../lib/gcc/aarch64-none-elf/15.1.0/pic/crtn.o
                0x0000000000016f38                . = ALIGN (0x8)
 *fill*         0x0000000000016f34        0x4 
                0x0000000000017000                . = ALIGN (0x1000)
                [!provide]                        PROVIDE (__rodata_start = .)

.nx-module-name
                0x0000000000017000       0x11
 *(.nx-module-name)
 .nx-module-name
                0x0000000000017000       0x11 C:/devkitPro/devkitA64/bin/../lib/gcc/aarch64-none-elf/15.1.0/pic/crti.o

.rela.dyn       0x0000000000017018        0x0
 *(.rela.*)
 .rela.got      0x0000000000017018        0x0 C:/devkitPro/devkitA64/bin/../lib/gcc/aarch64-none-elf/15.1.0/pic/crti.o
 .rela.plt      0x0000000000017018        0x0 C:/devkitPro/devkitA64/bin/../lib/gcc/aarch64-none-elf/15.1.0/pic/crti.o
 .rela.bss      0x0000000000017018        0x0 C:/devkitPro/devkitA64/bin/../lib/gcc/aarch64-none-elf/15.1.0/pic/crti.o
 .rela.data.rel.ro
                0x0000000000017018        0x0 C:/devkitPro/devkitA64/bin/../lib/gcc/aarch64-none-elf/15.1.0/pic/crti.o
 .rela.init_array
                0x0000000000017018        0x0 C:/devkitPro/devkitA64/bin/../lib/gcc/aarch64-none-elf/15.1.0/pic/crti.o
 .rela.fini_array
                0x0000000000017018        0x0 C:/devkitPro/devkitA64/bin/../lib/gcc/aarch64-none-elf/15.1.0/pic/crti.o
 .rela.ifunc    0x0000000000017018        0x0 C:/devkitPro/devkitA64/bin/../lib/gcc/aarch64-none-elf/15.1.0/pic/crti.o
 .rela.data.rel.ro.local.dotab_stdout
                0x0000000000017018        0x0 C:/devkitPro/devkitA64/bin/../lib/gcc/aarch64-none-elf/15.1.0/pic/crti.o
 .rela.data.rel.local.currentConsole
                0x0000000000017018        0x0 C:/devkitPro/devkitA64/bin/../lib/gcc/aarch64-none-elf/15.1.0/pic/crti.o
 .rela.data.rel.defaultConsole
                0x0000000000017018        0x0 C:/devkitPro/devkitA64/bin/../lib/gcc/aarch64-none-elf/15.1.0/pic/crti.o
 .rela.data.rel.local.s_consoleSwRenderer
                0x0000000000017018        0x0 C:/devkitPro/devkitA64/bin/../lib/gcc/aarch64-none-elf/15.1.0/pic/crti.o
 .rela.data.rel.ro.local.fsdev_devoptab
                0x0000000000017018        0x0 C:/devkitPro/devkitA64/bin/../lib/gcc/aarch64-none-elf/15.1.0/pic/crti.o
 .rela.data.rel.__sglue
                0x0000000000017018        0x0 C:/devkitPro/devkitA64/bin/../lib/gcc/aarch64-none-elf/15.1.0/pic/crti.o
 .rela.data.rel.__malloc_av_
                0x0000000000017018        0x0 C:/devkitPro/devkitA64/bin/../lib/gcc/aarch64-none-elf/15.1.0/pic/crti.o
 .rela.data.rel._impure_ptr
                0x0000000000017018        0x0 C:/devkitPro/devkitA64/bin/../lib/gcc/aarch64-none-elf/15.1.0/pic/crti.o
 .rela.data.rel._impure_data
                0x0000000000017018        0x0 C:/devkitPro/devkitA64/bin/../lib/gcc/aarch64-none-elf/15.1.0/pic/crti.o
 .rela.data.rel.local.environ
                0x0000000000017018        0x0 C:/devkitPro/devkitA64/bin/../lib/gcc/aarch64-none-elf/15.1.0/pic/crti.o
 .rela.data.rel.local.handles
                0x0000000000017018        0x0 C:/devkitPro/devkitA64/bin/../lib/gcc/aarch64-none-elf/15.1.0/pic/crti.o
 .rela.data.rel.devoptab_list
                0x0000000000017018        0x0 C:/devkitPro/devkitA64/bin/../lib/gcc/aarch64-none-elf/15.1.0/pic/crti.o
 .rela.data.rel.ro.local.dotab_stdnull
                0x0000000000017018        0x0 C:/devkitPro/devkitA64/bin/../lib/gcc/aarch64-none-elf/15.1.0/pic/crti.o

.relr.dyn       0x0000000000017018       0x80
 *(.relr.*)
 .relr.dyn      0x0000000000017018       0x80 C:/devkitPro/devkitA64/bin/../lib/gcc/aarch64-none-elf/15.1.0/pic/crti.o

.hash           0x0000000000017098       0x18
 *(.hash)
 .hash          0x0000000000017098       0x18 C:/devkitPro/devkitA64/bin/../lib/gcc/aarch64-none-elf/15.1.0/pic/crti.o

.gnu.hash
 *(.gnu.hash)
